 lib_acl_d

 Timestamp is 520a31c8 (Tue Aug 13 21:16:56 2013)

 Preferred load address is 10000000

 Start         Length     Name                   Class
 0001:00000000 0007323eH .text                   CODE
 0002:00000000 00000370H .idata$5                DATA
 0002:00000370 00000004H .CRT$XCA                DATA
 0002:00000374 00000004H .CRT$XCZ                DATA
 0002:00000378 00000004H .CRT$XIA                DATA
 0002:0000037c 00000004H .CRT$XIAA               DATA
 0002:00000380 00000008H .CRT$XIC                DATA
 0002:00000388 00000004H .CRT$XIZ                DATA
 0002:00000390 00041eb8H .rdata                  DATA
 0002:00042248 00000058H .rdata$debug            DATA
 0002:000422a0 00000004H .rdata$sxdata           DATA
 0002:000422a4 00000004H .rtc$IAA                DATA
 0002:000422a8 000002ecH .rtc$IMZ                DATA
 0002:00042594 00000004H .rtc$IZZ                DATA
 0002:00042598 00000004H .rtc$TAA                DATA
 0002:0004259c 000002ecH .rtc$TMZ                DATA
 0002:00042888 00000004H .rtc$TZZ                DATA
 0002:00042890 000000a4H .xdata$x                DATA
 0002:00042934 0000008cH .idata$2                DATA
 0002:000429c0 00000014H .idata$3                DATA
 0002:000429d4 00000370H .idata$4                DATA
 0002:00042d44 00000b98H .idata$6                DATA
 0002:000438e0 00007ec5H .edata                  DATA
 0003:00000000 0005b9acH .data                   DATA
 0003:0005b9b0 00006650H .bss                    DATA
 0004:00000000 000000a0H .rsrc$01                DATA
 0004:000000a0 00000438H .rsrc$02                DATA

  Address         Publics by Value              Rva+Base       Lib:Object

 0000:00000000       __except_list              00000000     <absolute>
 0000:00000001       ___safe_se_handler_count   00000001     <absolute>
 0000:00009876       __ldused                   00009876     <absolute>
 0000:00009876       __fltused                  00009876     <absolute>
 0000:00000000       ___ImageBase               10000000     <linker-defined>
 0001:00000000       _acl_base64_encode         10001000 f   acl_base64.obj
 0001:000001ed       _acl_base64_decode         100011ed f   acl_base64.obj
 0001:00000529       _acl_gbjt2ft               10001529 f   acl_gbcode.obj
 0001:0000054e       _acl_gbft2jt               1000154e f   acl_gbcode.obj
 0001:000006b5       _acl_html_encode           100016b5 f   acl_htmlcode.obj
 0001:000007f8       _acl_html_decode           100017f8 f   acl_htmlcode.obj
 0001:00000c91       _acl_url_encode            10001c91 f   acl_urlcode.obj
 0001:00000e33       _acl_url_decode            10001e33 f   acl_urlcode.obj
 0001:00000f80       _acl_vstring_base64_encode 10001f80 f   acl_vstring_base64.obj
 0001:00001416       _acl_vstring_base64_decode 10002416 f   acl_vstring_base64.obj
 0001:000016f6       _acl_xml_encode            100026f6 f   acl_xmlcode.obj
 0001:000017e2       _acl_xml_decode            100027e2 f   acl_xmlcode.obj
 0001:00001c0b       _uni2utf8                  10002c0b f   uni2utf8.obj
 0001:00001d17       _acl_chain_new             10002d17 f   acl_chunk_chain.obj
 0001:00001d82       _acl_chain_free            10002d82 f   acl_chunk_chain.obj
 0001:00001df5       _acl_chain_set_from_next   10002df5 f   acl_chunk_chain.obj
 0001:00001e20       _acl_chain_reset           10002e20 f   acl_chunk_chain.obj
 0001:00001e5a       _acl_chain_from_next       10002e5a f   acl_chunk_chain.obj
 0001:00001e67       _acl_chain_off_begin       10002e67 f   acl_chunk_chain.obj
 0001:00001e75       _acl_chain_data            10002e75 f   acl_chunk_chain.obj
 0001:00001e92       _acl_chain_data_len        10002e92 f   acl_chunk_chain.obj
 0001:00001ea3       _acl_chain_size            10002ea3 f   acl_chunk_chain.obj
 0001:00001f14       _acl_chain_chunk_data_len  10002f14 f   acl_chunk_chain.obj
 0001:00001f99       _acl_chain_add             10002f99 f   acl_chunk_chain.obj
 0001:000024ab       _acl_chain_list            100034ab f   acl_chunk_chain.obj
 0001:00002959       _acl_debug_end             10003959 f   acl_debug.obj
 0001:00002995       _acl_debug_init            10003995 f   acl_debug.obj
 0001:000029b0       _acl_debug_init2           100039b0 f   acl_debug.obj
 0001:00002bbd       _acl_do_debug              10003bbd f   acl_debug.obj
 0001:00002bfc       _acl_fopen                 10003bfc f   acl_file.obj
 0001:00002eb1       _acl_fclose                10003eb1 f   acl_file.obj
 0001:00002f06       _acl_clearerr              10003f06 f   acl_file.obj
 0001:00002f19       _acl_feof                  10003f19 f   acl_file.obj
 0001:00002f41       _acl_fread                 10003f41 f   acl_file.obj
 0001:00002fef       _acl_fgets                 10003fef f   acl_file.obj
 0001:0000304e       _acl_fgets_nonl            1000404e f   acl_file.obj
 0001:000030ad       _acl_fgetc                 100040ad f   acl_file.obj
 0001:0000317d       _acl_gets                  1000417d f   acl_file.obj
 0001:000031c4       _acl_gets_nonl             100041c4 f   acl_file.obj
 0001:0000320b       _acl_getchar               1000420b f   acl_file.obj
 0001:0000322b       _acl_fprintf               1000422b f   acl_file.obj
 0001:0000326b       _acl_vfprintf              1000426b f   acl_file.obj
 0001:000032cb       _acl_fwrite                100042cb f   acl_file.obj
 0001:00003340       _acl_fputs                 10004340 f   acl_file.obj
 0001:0000339c       _acl_printf                1000439c f   acl_file.obj
 0001:000033d8       _acl_vprintf               100043d8 f   acl_file.obj
 0001:0000341c       _acl_putc                  1000441c f   acl_file.obj
 0001:00003589       _acl_puts                  10004589 f   acl_file.obj
 0001:000035c9       _acl_putchar               100045c9 f   acl_file.obj
 0001:0000376e       _acl_fseek                 1000476e f   acl_file.obj
 0001:00003790       _acl_getopt_init           10004790 f   acl_getopt.obj
 0001:0000379c       _acl_getopt                1000479c f   acl_getopt.obj
 0001:0000397b       _acl_meter_time            1000497b f   acl_meter_time.obj
 0001:00003c05       _acl_msg_register          10004c05 f   acl_msg.obj
 0001:00003c38       _acl_msg_unregister        10004c38 f   acl_msg.obj
 0001:00003c59       _acl_msg_pre_write         10004c59 f   acl_msg.obj
 0001:00003c6e       _acl_msg_stdout_enable     10004c6e f   acl_msg.obj
 0001:00003c7b       _acl_msg_open              10004c7b f   acl_msg.obj
 0001:00003df6       _acl_msg_open2             10004df6 f   acl_msg.obj
 0001:00003e9b       _acl_msg_close             10004e9b f   acl_msg.obj
 0001:00003edf       _acl_msg_info              10004edf f   acl_msg.obj
 0001:00003fa5       _acl_msg_warn              10004fa5 f   acl_msg.obj
 0001:0000406b       _acl_msg_error             1000506b f   acl_msg.obj
 0001:00004131       _acl_msg_fatal             10005131 f   acl_msg.obj
 0001:00004229       _acl_msg_fatal_status      10005229 f   acl_msg.obj
 0001:000042eb       _acl_msg_panic             100052eb f   acl_msg.obj
 0001:000043ce       _acl_msg_info2             100053ce f   acl_msg.obj
 0001:0000447f       _acl_msg_warn2             1000547f f   acl_msg.obj
 0001:00004530       _acl_msg_error2            10005530 f   acl_msg.obj
 0001:000045e1       _acl_msg_fatal2            100055e1 f   acl_msg.obj
 0001:000046af       _acl_msg_fatal_status2     100056af f   acl_msg.obj
 0001:0000475c       _acl_msg_panic2            1000575c f   acl_msg.obj
 0001:0000482a       _acl_strerror              1000582a f   acl_msg.obj
 0001:00004945       _acl_last_strerror         10005945 f   acl_msg.obj
 0001:00004965       _acl_last_serror           10005965 f   acl_msg.obj
 0001:00004a0b       _acl_last_error            10005a0b f   acl_msg.obj
 0001:00004a4b       _acl_set_error             10005a4b f   acl_msg.obj
 0001:00004a7f       _acl_msg_printf            10005a7f f   acl_msg.obj
 0001:00004bfb       _acl_myflock               10005bfb f   acl_myflock.obj
 0001:00004eeb       _acl_logtime_fmt           10005eeb f   acl_mylog.obj
 0001:00004f73       _acl_log_add_tid           10005f73 f   acl_mylog.obj
 0001:00004f9b       _acl_log_fp_set            10005f9b f   acl_mylog.obj
 0001:00005170       _acl_open_log              10006170 f   acl_mylog.obj
 0001:000052c9       _acl_write_to_log          100062c9 f   acl_mylog.obj
 0001:0000530b       _acl_write_to_log2         1000630b f   acl_mylog.obj
 0001:00005420       _acl_close_log             10006420 f   acl_mylog.obj
 0001:0000673c       _acl_readlline             1000773c f   acl_readline.obj
 0001:00006988       _acl_vbuf_get              10007988 f   acl_vbuf.obj
 0001:00006a0c       _acl_vbuf_put              10007a0c f   acl_vbuf.obj
 0001:00006a9a       _acl_vbuf_unget            10007a9a f   acl_vbuf.obj
 0001:00006b11       _acl_vbuf_read             10007b11 f   acl_vbuf.obj
 0001:00006be1       _acl_vbuf_write            10007be1 f   acl_vbuf.obj
 0001:00006cad       _acl_vbuf_print            10007cad f   acl_vbuf_print.obj
 0001:000077d9       _acl_vsnprintf             100087d9 f   acl_vsprintf.obj
 0001:00007e11       _acl_snprintf              10008e11 f   acl_vsprintf.obj
 0001:00007e54       _acl_vsprintf              10008e54 f   acl_vsprintf.obj
 0001:00007e73       _acl_sprintf               10008e73 f   acl_vsprintf.obj
 0001:00008368       _acl_vstream_init          10009368 f   acl_vstream.obj
 0001:000083e7       _acl_vstream_peekfd        100093e7 f   acl_vstream.obj
 0001:00008417       _acl_vstream_clone         10009417 f   acl_vstream.obj
 0001:000086d6       _acl_vstream_set_fdtype    100096d6 f   acl_vstream.obj
 0001:0000873a       _acl_vstream_fhopen        1000973a f   acl_vstream.obj
 0001:000087b2       _acl_vstream_fdopen        100097b2 f   acl_vstream.obj
 0001:00008abd       _acl_vstream_fopen         10009abd f   acl_vstream.obj
 0001:00008b87       _acl_vstream_loadfile      10009b87 f   acl_vstream.obj
 0001:00008b9f       _acl_vstream_loadfile2     10009b9f f   acl_vstream.obj
 0001:00008d83       _acl_vstream_ctl           10009d83 f   acl_vstream.obj
 0001:00008f6f       _acl_vstream_fseek         10009f6f f   acl_vstream.obj
 0001:00009371       _acl_vstream_fseek2        1000a371 f   acl_vstream.obj
 0001:00009573       _acl_file_ftruncate        1000a573 f   acl_vstream.obj
 0001:00009683       _acl_file_truncate         1000a683 f   acl_vstream.obj
 0001:00009722       _acl_vstream_fstat         1000a722 f   acl_vstream.obj
 0001:0000979a       _acl_vstream_fsize         1000a79a f   acl_vstream.obj
 0001:00009823       _acl_vstream_getc          1000a823 f   acl_vstream.obj
 0001:000098a1       _acl_vstream_nonb_readn    1000a8a1 f   acl_vstream.obj
 0001:00009b2f       _acl_vstream_probe_status  1000ab2f f   acl_vstream.obj
 0001:00009c34       _acl_vstream_ungetc        1000ac34 f   acl_vstream.obj
 0001:00009c9e       _acl_vstream_unread        1000ac9e f   acl_vstream.obj
 0001:00009ebc       _acl_vstream_gets          1000aebc f   acl_vstream.obj
 0001:0000a003       _acl_vstream_gets_nonl     1000b003 f   acl_vstream.obj
 0001:0000a18e       _acl_vstream_readtags      1000b18e f   acl_vstream.obj
 0001:0000a37a       _acl_vstream_readn         1000b37a f   acl_vstream.obj
 0001:0000a4ab       _acl_vstream_bfcp_some     1000b4ab f   acl_vstream.obj
 0001:0000a5e2       _acl_vstream_read          1000b5e2 f   acl_vstream.obj
 0001:0000a6b6       _acl_vstream_gets_peek     1000b6b6 f   acl_vstream.obj
 0001:0000a7e9       _acl_vstream_gets_nonl_peek 1000b7e9 f   acl_vstream.obj
 0001:0000a91c       _acl_vstream_readn_peek    1000b91c f   acl_vstream.obj
 0001:0000aa43       _acl_vstream_read_peek     1000ba43 f   acl_vstream.obj
 0001:0000ab49       _acl_vstream_can_read      1000bb49 f   acl_vstream.obj
 0001:0000abee       _acl_vstream_fsync         1000bbee f   acl_vstream.obj
 0001:0000acb1       _acl_vstream_buffed_space  1000bcb1 f   acl_vstream.obj
 0001:0000acf5       _acl_vstream_fflush        1000bcf5 f   acl_vstream.obj
 0001:0000adf8       _acl_vstream_buffed_writen 1000bdf8 f   acl_vstream.obj
 0001:0000aee4       _acl_vstream_buffed_vfprintf 1000bee4 f   acl_vstream.obj
 0001:0000b002       _acl_vstream_buffed_fprintf 1000c002 f   acl_vstream.obj
 0001:0000b07c       _acl_vstream_buffed_printf 1000c07c f   acl_vstream.obj
 0001:0000b141       _acl_vstream_buffed_fputs  1000c141 f   acl_vstream.obj
 0001:0000b1cf       _acl_vstream_buffed_puts   1000c1cf f   acl_vstream.obj
 0001:0000b24b       _acl_vstream_write         1000c24b f   acl_vstream.obj
 0001:0000b284       _acl_vstream_writev        1000c284 f   acl_vstream.obj
 0001:0000b2bd       _acl_vstream_writevn       1000c2bd f   acl_vstream.obj
 0001:0000b495       _acl_vstream_vfprintf      1000c495 f   acl_vstream.obj
 0001:0000b5b3       _acl_vstream_fprintf       1000c5b3 f   acl_vstream.obj
 0001:0000b62d       _acl_vstream_printf        1000c62d f   acl_vstream.obj
 0001:0000b6f2       _acl_vstream_fputs         1000c6f2 f   acl_vstream.obj
 0001:0000b7a1       _acl_vstream_puts          1000c7a1 f   acl_vstream.obj
 0001:0000b81d       _acl_vstream_writen        1000c81d f   acl_vstream.obj
 0001:0000b86d       _acl_vstream_free          1000c86d f   acl_vstream.obj
 0001:0000ba03       _acl_vstream_close         1000ca03 f   acl_vstream.obj
 0001:0000bc20       _acl_vstream_call_close_handles 1000cc20 f   acl_vstream.obj
 0001:0000bd0c       _acl_vstream_add_close_handle 1000cd0c f   acl_vstream.obj
 0001:0000bec1       _acl_vstream_delete_close_handle 1000cec1 f   acl_vstream.obj
 0001:0000bfee       _acl_vstream_clean_close_handle 1000cfee f   acl_vstream.obj
 0001:0000c0b1       _acl_vstream_reset         1000d0b1 f   acl_vstream.obj
 0001:0000c1a3       _acl_vstream_strerror      1000d1a3 f   acl_vstream.obj
 0001:0000d168       _acl_vstream_popen         1000e168 f   acl_vstream_popen.obj
 0001:0000d754       _acl_vstream_pclose        1000e754 f   acl_vstream_popen.obj
 0001:0000da3b       _acl_vstring_init          1000ea3b f   acl_vstring.obj
 0001:0000dae3       _acl_vstring_free_buf      1000eae3 f   acl_vstring.obj
 0001:0000db1f       _acl_vstring_alloc         1000eb1f f   acl_vstring.obj
 0001:0000db37       _acl_vstring_alloc2        1000eb37 f   acl_vstring.obj
 0001:0000dc5c       _acl_vstring_ctl           1000ec5c f   acl_vstring.obj
 0001:0000dcfd       _acl_vstring_truncate      1000ecfd f   acl_vstring.obj
 0001:0000dd34       _acl_vstring_free          1000ed34 f   acl_vstring.obj
 0001:0000ddce       _acl_vstring_strcpy        1000edce f   acl_vstring.obj
 0001:0000de8f       _acl_vstring_strncpy       1000ee8f f   acl_vstring.obj
 0001:0000df89       _acl_vstring_strcat        1000ef89 f   acl_vstring.obj
 0001:0000e032       _acl_vstring_strncat       1000f032 f   acl_vstring.obj
 0001:0000e114       _acl_vstring_memcpy        1000f114 f   acl_vstring.obj
 0001:0000e186       _acl_vstring_memmove       1000f186 f   acl_vstring.obj
 0001:0000e28f       _acl_vstring_memcat        1000f28f f   acl_vstring.obj
 0001:0000e2fb       _acl_vstring_memchr        1000f2fb f   acl_vstring.obj
 0001:0000e339       _acl_vstring_strstr        1000f339 f   acl_vstring.obj
 0001:0000e400       _acl_vstring_strcasestr    1000f400 f   acl_vstring.obj
 0001:0000e4ed       _acl_vstring_rstrstr       1000f4ed f   acl_vstring.obj
 0001:0000e5c4       _acl_vstring_rstrcasestr   1000f5c4 f   acl_vstring.obj
 0001:0000e6ac       _acl_vstring_insert        1000f6ac f   acl_vstring.obj
 0001:0000e7c0       _acl_vstring_prepend       1000f7c0 f   acl_vstring.obj
 0001:0000e88e       _acl_vstring_sprintf       1000f88e f   acl_vstring.obj
 0001:0000e8c6       _acl_vstring_sprintf_append 1000f8c6 f   acl_vstring.obj
 0001:0000e8fe       _acl_vstring_export        1000f8fe f   acl_vstring.obj
 0001:0000e945       _acl_vstring_import        1000f945 f   acl_vstring.obj
 0001:0000e9c9       _acl_vstring_glue          1000f9c9 f   acl_vstring.obj
 0001:0000ea33       _acl_vstring_charat        1000fa33 f   acl_vstring.obj
 0001:0000eb16       _acl_vstring_vsprintf      1000fb16 f   acl_vstring.obj
 0001:0000eb78       _acl_vstring_vsprintf_append 1000fb78 f   acl_vstring.obj
 0001:0000ebc2       _acl_vstring_sprintf_prepend 1000fbc2 f   acl_vstring.obj
 0001:0000ecc0       _acl_buffer_gets_nonl      1000fcc0 f   acl_vstring.obj
 0001:0000ee37       _acl_buffer_gets           1000fe37 f   acl_vstring.obj
 0001:0000f09a       _acl_vstring_gets          1001009a f   acl_vstring_vstream.obj
 0001:0000f1eb       _acl_vstring_gets_nonl     100101eb f   acl_vstring_vstream.obj
 0001:0000f3c5       _acl_vstring_gets_null     100103c5 f   acl_vstring_vstream.obj
 0001:0000f52b       _acl_vstring_gets_bound    1001052b f   acl_vstring_vstream.obj
 0001:0000f6cf       _acl_vstring_gets_nonl_bound 100106cf f   acl_vstring_vstream.obj
 0001:0000f914       _acl_vstring_gets_null_bound 10010914 f   acl_vstring_vstream.obj
 0001:0000fad1       _acl_doze                  10010ad1 f   acl_doze.obj
 0001:0000faf1       _acl_duplex_pipe           10010af1 f   acl_duplex_pipe.obj
 0001:0000fb06       _acl_non_blocking          10010b06 f   acl_non_blocking.obj
 0001:0000fb45       _acl_peekfd                10010b45 f   acl_peekfd.obj
 0001:0000fbc3       _acl_pipe                  10010bc3 f   acl_pipe.obj
 0001:0000fd6f       _acl_pipe_close            10010d6f f   acl_pipe.obj
 0001:0000fdbf       _acl_read_wait             10010dbf f   acl_read_wait.obj
 0001:00010037       _acl_readable              10011037 f   acl_readable.obj
 0001:00010287       _acl_timed_read            10011287 f   acl_timed_read.obj
 0001:00010311       _acl_timed_write           10011311 f   acl_timed_write.obj
 0001:0001039b       _acl_write_buf             1001139b f   acl_write_buf.obj
 0001:00010433       _acl_write_wait            10011433 f   acl_write_wait.obj
 0001:000106e4       _acl_argv_alloc            100116e4 f   acl_argv.obj
 0001:000106fc       _acl_argv_alloc2           100116fc f   acl_argv.obj
 0001:00010856       _acl_argv_add              10011856 f   acl_argv.obj
 0001:0001093c       _acl_argv_addv             1001193c f   acl_argv.obj
 0001:00010a10       _acl_argv_addn             10011a10 f   acl_argv.obj
 0001:00010b32       _acl_argv_addnv            10011b32 f   acl_argv.obj
 0001:00010c4e       _acl_argv_terminate        10011c4e f   acl_argv.obj
 0001:00010c63       _acl_argv_free             10011c63 f   acl_argv.obj
 0001:00010d61       _acl_argv_index            10011d61 f   acl_argv.obj
 0001:00010d8e       _acl_argv_size             10011d8e f   acl_argv.obj
 0001:0001111e       _acl_argv_split            1001211e f   acl_argv_split.obj
 0001:0001113a       _acl_argv_split3           1001213a f   acl_argv_split.obj
 0001:00011249       _acl_argv_splitn           10012249 f   acl_argv_split.obj
 0001:00011268       _acl_argv_splitn4          10012268 f   acl_argv_split.obj
 0001:000113a7       _acl_argv_split_append     100123a7 f   acl_argv_split.obj
 0001:000114ae       _acl_argv_splitn_append    100124ae f   acl_argv_split.obj
 0001:000115e1       _acl_array_create          100125e1 f   acl_array.obj
 0001:000116a9       _acl_array_clean           100126a9 f   acl_array.obj
 0001:0001171e       _acl_array_free            1001271e f   acl_array.obj
 0001:00011780       _acl_array_append          10012780 f   acl_array.obj
 0001:000117d3       _acl_array_prepend         100127d3 f   acl_array.obj
 0001:0001181e       _acl_array_pred_insert     1001281e f   acl_array.obj
 0001:000118cc       _acl_array_succ_insert     100128cc f   acl_array.obj
 0001:00011989       _acl_array_delete_idx      10012989 f   acl_array.obj
 0001:00011a41       _acl_array_delete          10012a41 f   acl_array.obj
 0001:00011ad1       _acl_array_delete_obj      10012ad1 f   acl_array.obj
 0001:00011b9a       _acl_array_delete_range    10012b9a f   acl_array.obj
 0001:00011ca8       _acl_array_mv_idx          10012ca8 f   acl_array.obj
 0001:00011dd3       _acl_array_pre_append      10012dd3 f   acl_array.obj
 0001:00011ea6       _acl_array_index           10012ea6 f   acl_array.obj
 0001:00011ed3       _acl_array_size            10012ed3 f   acl_array.obj
 0001:0001224c       _acl_binhash_create        1001324c f   acl_binhash.obj
 0001:00012360       _acl_binhash_enter         10013360 f   acl_binhash.obj
 0001:00012508       _acl_binhash_locate        10013508 f   acl_binhash.obj
 0001:000125c6       _acl_binhash_find          100135c6 f   acl_binhash.obj
 0001:00012687       _acl_binhash_delete        10013687 f   acl_binhash.obj
 0001:0001282f       _acl_binhash_free          1001382f f   acl_binhash.obj
 0001:00012987       _acl_binhash_walk          10013987 f   acl_binhash.obj
 0001:00012a20       _acl_binhash_list          10013a20 f   acl_binhash.obj
 0001:00012ac5       _acl_binhash_errno         10013ac5 f   acl_binhash.obj
 0001:00012ad0       _acl_binhash_size          10013ad0 f   acl_binhash.obj
 0001:00012ae6       _acl_binhash_used          10013ae6 f   acl_binhash.obj
 0001:00012af1       _acl_binhash_data          10013af1 f   acl_binhash.obj
 0001:00012afc       _acl_binhash_iter_head     10013afc f   acl_binhash.obj
 0001:00012b71       _acl_binhash_iter_next     10013b71 f   acl_binhash.obj
 0001:00012bf3       _acl_binhash_iter_tail     10013bf3 f   acl_binhash.obj
 0001:00012c68       _acl_binhash_iter_prev     10013c68 f   acl_binhash.obj
 0001:000132d3       _acl_btree_create          100142d3 f   acl_btree.obj
 0001:0001333e       _acl_btree_destroy         1001433e f   acl_btree.obj
 0001:000133b2       _acl_btree_find            100143b2 f   acl_btree.obj
 0001:000133f4       _acl_btree_add             100143f4 f   acl_btree.obj
 0001:000134a6       _acl_btree_remove          100144a6 f   acl_btree.obj
 0001:0001353d       _acl_btree_get_min_key     1001453d f   acl_btree.obj
 0001:0001358f       _acl_btree_get_max_key     1001458f f   acl_btree.obj
 0001:000135e1       _acl_btree_get_next_key    100145e1 f   acl_btree.obj
 0001:00013641       _acl_btree_depth           10014641 f   acl_btree.obj
 0001:00013658       _acl_btree_dump            10014658 f   acl_btree.obj
 0001:00013af8       _acl_cache_create          10014af8 f   acl_cache.obj
 0001:00013c3d       _acl_cache_free            10014c3d f   acl_cache.obj
 0001:00013d33       _acl_cache_enter           10014d33 f   acl_cache.obj
 0001:00013fcc       _acl_cache_find            10014fcc f   acl_cache.obj
 0001:0001401a       _acl_cache_locate          1001501a f   acl_cache.obj
 0001:00014065       _acl_cache_delete          10015065 f   acl_cache.obj
 0001:00014127       _acl_cache_delete2         10015127 f   acl_cache.obj
 0001:00014189       _acl_cache_timeout         10015189 f   acl_cache.obj
 0001:00014281       _acl_cache_update2         10015281 f   acl_cache.obj
 0001:0001430f       _acl_cache_update          1001530f f   acl_cache.obj
 0001:00014360       _acl_cache_refer           10015360 f   acl_cache.obj
 0001:00014372       _acl_cache_refer2          10015372 f   acl_cache.obj
 0001:000143c1       _acl_cache_unrefer         100153c1 f   acl_cache.obj
 0001:0001441a       _acl_cache_unrefer2        1001541a f   acl_cache.obj
 0001:00014469       _acl_cache_lock            10015469 f   acl_cache.obj
 0001:00014493       _acl_cache_unlock          10015493 f   acl_cache.obj
 0001:000144bd       _acl_cache_walk            100154bd f   acl_cache.obj
 0001:0001455a       _acl_cache_clean           1001555a f   acl_cache.obj
 0001:00014633       _acl_cache_size            10015633 f   acl_cache.obj
 0001:000148b9       _acl_cache2_create         100158b9 f   acl_cache2.obj
 0001:000149db       _acl_cache2_free           100159db f   acl_cache2.obj
 0001:00014aea       _acl_cache2_enter          10015aea f   acl_cache2.obj
 0001:00014e67       _acl_cache2_find           10015e67 f   acl_cache2.obj
 0001:00014ec3       _acl_cache2_locate         10015ec3 f   acl_cache2.obj
 0001:00014f1c       _acl_cache2_delete         10015f1c f   acl_cache2.obj
 0001:00015092       _acl_cache2_delete2        10016092 f   acl_cache2.obj
 0001:00015102       _acl_cache2_timeout        10016102 f   acl_cache2.obj
 0001:00015227       _acl_cache2_update2        10016227 f   acl_cache2.obj
 0001:000153fc       _acl_cache2_update         100163fc f   acl_cache2.obj
 0001:0001545b       _acl_cache2_refer          1001645b f   acl_cache2.obj
 0001:0001546d       _acl_cache2_refer2         1001646d f   acl_cache2.obj
 0001:000154ca       _acl_cache2_unrefer        100164ca f   acl_cache2.obj
 0001:0001551e       _acl_cache2_unrefer2       1001651e f   acl_cache2.obj
 0001:0001557b       _acl_cache2_lock           1001657b f   acl_cache2.obj
 0001:000155b5       _acl_cache2_unlock         100165b5 f   acl_cache2.obj
 0001:000155ef       _acl_cache2_walk           100165ef f   acl_cache2.obj
 0001:00015693       _acl_cache2_clean          10016693 f   acl_cache2.obj
 0001:0001574f       _acl_cache2_size           1001674f f   acl_cache2.obj
 0001:00015b8f       _acl_dlink_create          10016b8f f   acl_dlink.obj
 0001:00015c4f       _acl_dlink_free            10016c4f f   acl_dlink.obj
 0001:00015c99       _acl_dlink_lookup_by_item  10016c99 f   acl_dlink.obj
 0001:00015cb5       _acl_dlink_lookup2_by_item 10016cb5 f   acl_dlink.obj
 0001:00015d21       _acl_dlink_lookup          10016d21 f   acl_dlink.obj
 0001:00015d40       _acl_dlink_lookup2         10016d40 f   acl_dlink.obj
 0001:00015e52       _acl_dlink_lookup_range    10016e52 f   acl_dlink.obj
 0001:00015ecd       _acl_dlink_lookup_larger   10016ecd f   acl_dlink.obj
 0001:00015f5a       _acl_dlink_lookup_lower    10016f5a f   acl_dlink.obj
 0001:00015fe7       _acl_dlink_insert          10016fe7 f   acl_dlink.obj
 0001:0001607f       _acl_dlink_delete          1001707f f   acl_dlink.obj
 0001:00016107       _acl_dlink_delete_by_item  10017107 f   acl_dlink.obj
 0001:00016143       _acl_dlink_modify          10017143 f   acl_dlink.obj
 0001:000161b1       _acl_dlink_delete_range    100171b1 f   acl_dlink.obj
 0001:000165aa       _acl_dlink_index           100175aa f   acl_dlink.obj
 0001:000165c5       _acl_dlink_size            100175c5 f   acl_dlink.obj
 0001:000165dc       _acl_dlink_list            100175dc f   acl_dlink.obj
 0001:00016e26       _acl_fifo_init             10017e26 f   acl_fifo.obj
 0001:00016ea0       _acl_fifo_new              10017ea0 f   acl_fifo.obj
 0001:00016eb4       _acl_fifo_new1             10017eb4 f   acl_fifo.obj
 0001:00016f78       _acl_fifo_delete           10017f78 f   acl_fifo.obj
 0001:00017059       _acl_fifo_delete_info      10018059 f   acl_fifo.obj
 0001:000170fa       _acl_fifo_free             100180fa f   acl_fifo.obj
 0001:0001717a       _acl_fifo_free2            1001817a f   acl_fifo.obj
 0001:000171fa       _acl_fifo_push_back        100181fa f   acl_fifo.obj
 0001:000172ba       _acl_fifo_push_info_back   100182ba f   acl_fifo.obj
 0001:0001731e       _acl_fifo_push_front       1001831e f   acl_fifo.obj
 0001:000173da       _acl_fifo_pop_front        100183da f   acl_fifo.obj
 0001:00017498       _acl_fifo_pop_info         10018498 f   acl_fifo.obj
 0001:000174fc       _acl_fifo_pop_back         100184fc f   acl_fifo.obj
 0001:000175c0       _acl_fifo_head             100185c0 f   acl_fifo.obj
 0001:000175da       _acl_fifo_head_info        100185da f   acl_fifo.obj
 0001:000175f2       _acl_fifo_tail             100185f2 f   acl_fifo.obj
 0001:0001760e       _acl_fifo_tail_info        1001860e f   acl_fifo.obj
 0001:00017628       _acl_fifo_size             10018628 f   acl_fifo.obj
 0001:0001787a       _acl_hash_crc32            1001887a f   acl_hash.obj
 0001:00017a29       _acl_hash_crc64            10018a29 f   acl_hash.obj
 0001:00017acc       _acl_hash_test             10018acc f   acl_hash.obj
 0001:00017b57       _acl_hash_bin              10018b57 f   acl_hash.obj
 0001:00017be2       _acl_hash_func2            10018be2 f   acl_hash.obj
 0001:00017c53       _acl_hash_func3            10018c53 f   acl_hash.obj
 0001:00017da7       _acl_hash_func4            10018da7 f   acl_hash.obj
 0001:00017fd3       _acl_hash_func5            10018fd3 f   acl_hash.obj
 0001:00018031       _acl_hash_func6            10019031 f   acl_hash.obj
 0001:000180bc       _acl_htable_create         100190bc f   acl_htable.obj
 0001:000180d8       _acl_htable_create3        100190d8 f   acl_htable.obj
 0001:0001828d       _acl_htable_ctl            1001928d f   acl_htable.obj
 0001:00018372       _acl_htable_errno          10019372 f   acl_htable.obj
 0001:00018388       _acl_htable_set_errno      10019388 f   acl_htable.obj
 0001:0001839c       _acl_htable_enter          1001939c f   acl_htable.obj
 0001:00018805       _acl_htable_enter_r        10019805 f   acl_htable.obj
 0001:00018cbe       _acl_htable_locate         10019cbe f   acl_htable.obj
 0001:00018e75       _acl_htable_locate_r       10019e75 f   acl_htable.obj
 0001:00019141       _acl_htable_find           1001a141 f   acl_htable.obj
 0001:00019430       _acl_htable_find_r         1001a430 f   acl_htable.obj
 0001:000198cc       _acl_htable_delete         1001a8cc f   acl_htable.obj
 0001:00019c80       _acl_htable_free           1001ac80 f   acl_htable.obj
 0001:00019eae       _acl_htable_reset          1001aeae f   acl_htable.obj
 0001:0001a0fd       _acl_htable_walk           1001b0fd f   acl_htable.obj
 0001:0001a236       _acl_htable_size           1001b236 f   acl_htable.obj
 0001:0001a24c       _acl_htable_used           1001b24c f   acl_htable.obj
 0001:0001a263       _acl_htable_list           1001b263 f   acl_htable.obj
 0001:0001a327       _acl_htable_stat           1001b327 f   acl_htable.obj
 0001:0001a52b       _acl_htable_data           1001b52b f   acl_htable.obj
 0001:0001a536       _acl_htable_iter_head      1001b536 f   acl_htable.obj
 0001:0001a5ab       _acl_htable_iter_next      1001b5ab f   acl_htable.obj
 0001:0001a62d       _acl_htable_iter_tail      1001b62d f   acl_htable.obj
 0001:0001a6a2       _acl_htable_iter_prev      1001b6a2 f   acl_htable.obj
 0001:0001af57       _acl_iplink_create         1001bf57 f   acl_iplink.obj
 0001:0001af6c       _acl_iplink_free           1001bf6c f   acl_iplink.obj
 0001:0001af87       _acl_iplink_lookup_item    1001bf87 f   acl_iplink.obj
 0001:0001afa0       _acl_iplink_lookup_bin     1001bfa0 f   acl_iplink.obj
 0001:0001afbe       _acl_iplink_lookup_str     1001bfbe f   acl_iplink.obj
 0001:0001b009       _acl_iplink_insert_bin     1001c009 f   acl_iplink.obj
 0001:0001b02e       _acl_iplink_insert         1001c02e f   acl_iplink.obj
 0001:0001b101       _acl_iplink_delete_by_ip   1001c101 f   acl_iplink.obj
 0001:0001b163       _acl_iplink_delete_by_item 1001c163 f   acl_iplink.obj
 0001:0001b17c       _acl_iplink_modify         1001c17c f   acl_iplink.obj
 0001:0001b22b       _acl_iplink_count_item     1001c22b f   acl_iplink.obj
 0001:0001b242       _acl_iplink_list           1001c242 f   acl_iplink.obj
 0001:0001b4dd       _acl_ring_init             1001c4dd f   acl_ring.obj
 0001:0001b50b       _acl_ring_size             1001c50b f   acl_ring.obj
 0001:0001b521       _acl_ring_prepend          1001c521 f   acl_ring.obj
 0001:0001b57b       _acl_ring_append           1001c57b f   acl_ring.obj
 0001:0001b5d3       _acl_ring_detach           1001c5d3 f   acl_ring.obj
 0001:0001b654       _acl_ring_pop_head         1001c654 f   acl_ring.obj
 0001:0001b695       _acl_ring_pop_tail         1001c695 f   acl_ring.obj
 0001:0001b6d7       _acl_stack_space           1001c6d7 f   acl_stack.obj
 0001:0001b707       _acl_stack_create          1001c707 f   acl_stack.obj
 0001:0001b844       _acl_stack_clean           1001c844 f   acl_stack.obj
 0001:0001b8d8       _acl_stack_destroy         1001c8d8 f   acl_stack.obj
 0001:0001b915       _acl_stack_append          1001c915 f   acl_stack.obj
 0001:0001b96f       _acl_stack_prepend         1001c96f f   acl_stack.obj
 0001:0001ba07       _acl_stack_delete          1001ca07 f   acl_stack.obj
 0001:0001bab7       _acl_stack_delete_obj      1001cab7 f   acl_stack.obj
 0001:0001bb5e       _acl_stack_index           1001cb5e f   acl_stack.obj
 0001:0001bb8b       _acl_stack_size            1001cb8b f   acl_stack.obj
 0001:0001bba1       _acl_stack_pop             1001cba1 f   acl_stack.obj
 0001:0001bbe4       _acl_stack_top             1001cbe4 f   acl_stack.obj
 0001:0001bfd9       _acl_token_delim_tab_new   1001cfd9 f   acl_token_tree.obj
 0001:0001c03a       _acl_token_delim_tab_free  1001d03a f   acl_token_tree.obj
 0001:0001c060       _acl_token_new             1001d060 f   acl_token_tree.obj
 0001:0001c0c4       _acl_token_free            1001d0c4 f   acl_token_tree.obj
 0001:0001c0ea       _acl_token_name            1001d0ea f   acl_token_tree.obj
 0001:0001c22f       _acl_token_name1           1001d22f f   acl_token_tree.obj
 0001:0001c2d5       _acl_token_tree_add        1001d2d5 f   acl_token_tree.obj
 0001:0001c40e       _acl_token_tree_add_word_map 1001d40e f   acl_token_tree.obj
 0001:0001c555       _acl_token_tree_word_match 1001d555 f   acl_token_tree.obj
 0001:0001c5cf       _acl_token_tree_match      1001d5cf f   acl_token_tree.obj
 0001:0001ca79       _acl_token_tree_walk       1001da79 f   acl_token_tree.obj
 0001:0001caee       _acl_token_tree_print      1001daee f   acl_token_tree.obj
 0001:0001cb81       _acl_token_tree_create     1001db81 f   acl_token_tree.obj
 0001:0001cb9c       _acl_token_tree_create2    1001db9c f   acl_token_tree.obj
 0001:0001cd59       _acl_token_tree_destroy    1001dd59 f   acl_token_tree.obj
 0001:0001cdae       _acl_token_tree_load_deny  1001ddae f   acl_token_tree.obj
 0001:0001cf62       _acl_token_tree_load_pass  1001df62 f   acl_token_tree.obj
 0001:0001d116       _acl_token_tree_test       1001e116 f   acl_token_tree.obj
 0001:0001d437       _avl_walk                  1001e437 f   avl.obj
 0001:0001d4da       _avl_create                1001e4da f   avl.obj
 0001:0001d579       _avl_find                  1001e579 f   avl.obj
 0001:0001d641       _avl_insert                1001e641 f   avl.obj
 0001:0001d7b1       _avl_insert_here           1001e7b1 f   avl.obj
 0001:0001d8bd       _avl_first                 1001e8bd f   avl.obj
 0001:0001d91e       _avl_last                  1001e91e f   avl.obj
 0001:0001d97f       _avl_nearest               1001e97f f   avl.obj
 0001:0001da0b       _avl_add                   1001ea0b f   avl.obj
 0001:0001daa1       _avl_remove                1001eaa1 f   avl.obj
 0001:0001dd71       _avl_update                1001ed71 f   avl.obj
 0001:0001de30       _avl_update_lt             1001ee30 f   avl.obj
 0001:0001dee4       _avl_update_gt             1001eee4 f   avl.obj
 0001:0001df98       _avl_numnodes              1001ef98 f   avl.obj
 0001:0001dfc5       _avl_is_empty              1001efc5 f   avl.obj
 0001:0001e010       _avl_destroy_nodes         1001f010 f   avl.obj
 0001:0001e23a       _avl_destroy               1001f23a f   avl.obj
 0001:0001e52c       _acl_cfg_parser_load       1001f52c f   acl_loadcfg.obj
 0001:0001f079       _acl_cfg_parser_free       10020079 f   acl_loadcfg.obj
 0001:0001f0c1       _acl_cfg_parser_walk       100200c1 f   acl_loadcfg.obj
 0001:0001f13f       _acl_cfg_line_replace      1002013f f   acl_loadcfg.obj
 0001:0001f453       _acl_cfg_parser_index      10020453 f   acl_loadcfg.obj
 0001:0001f48f       _acl_cfg_parser_size       1002048f f   acl_loadcfg.obj
 0001:0001f4a5       _acl_cfg_parser_dump       100204a5 f   acl_loadcfg.obj
 0001:0001f645       _acl_cfg_parser_append     10020645 f   acl_loadcfg.obj
 0001:0001f7e1       _acl_cfg_parser_delete     100207e1 f   acl_loadcfg.obj
 0001:0001f9b0       _acl_cfg_line_new          100209b0 f   acl_loadcfg.obj
 0001:000205b6       _acl_xinetd_cfg_get        100215b6 f   acl_xinetd_cfg.obj
 0001:000206cd       _acl_xinetd_cfg_get_ex     100216cd f   acl_xinetd_cfg.obj
 0001:000207d8       _acl_xinetd_cfg_index      100217d8 f   acl_xinetd_cfg.obj
 0001:0002085c       _acl_xinetd_cfg_size       1002185c f   acl_xinetd_cfg.obj
 0001:0002088a       _acl_xinetd_cfg_free       1002188a f   acl_xinetd_cfg.obj
 0001:00020961       _acl_xinetd_cfg_load       10021961 f   acl_xinetd_cfg.obj
 0001:000214f9       _acl_xinetd_params_int_table 100224f9 f   acl_xinetd_params.obj
 0001:000215d4       _acl_xinetd_params_int64_table 100225d4 f   acl_xinetd_params.obj
 0001:000216af       _acl_xinetd_params_str_table 100226af f   acl_xinetd_params.obj
 0001:0002178a       _acl_xinetd_params_bool_table 1002278a f   acl_xinetd_params.obj
 0001:00021bda       _opendir                   10022bda f   acl_dir.obj
 0001:00021d6a       _readdir                   10022d6a f   acl_dir.obj
 0001:00021dee       _closedir                  10022dee f   acl_dir.obj
 0001:00021e61       _rewinddir                 10022e61 f   acl_dir.obj
 0001:00021efe       _acl_fhandle_init          10022efe f   acl_fhandle.obj
 0001:00021f9a       _acl_fhandle_end           10022f9a f   acl_fhandle.obj
 0001:00022011       _acl_fhandle_open          10023011 f   acl_fhandle.obj
 0001:000223e6       _acl_fhandle_close         100233e6 f   acl_fhandle.obj
 0001:00022740       _acl_fhandle_lock          10023740 f   acl_fhandle.obj
 0001:00022816       _acl_fhandle_unlock        10023816 f   acl_fhandle.obj
 0001:00022ba2       _acl_make_dirs             10023ba2 f   acl_make_dirs.obj
 0001:00022ee5       _acl_sane_basename         10023ee5 f   acl_sane_basename.obj
 0001:00022fef       _acl_sane_dirname          10023fef f   acl_sane_basename.obj
 0001:0002312f       _acl_scan_dir_open         1002412f f   acl_scan_dir.obj
 0001:0002319f       _acl_scan_dir_close        1002419f f   acl_scan_dir.obj
 0001:000231d8       _acl_scan_dir_reset        100241d8 f   acl_scan_dir.obj
 0001:000231fe       _acl_scan_dir_ctl          100241fe f   acl_scan_dir.obj
 0001:00023281       _acl_scan_dir_path         10024281 f   acl_scan_dir.obj
 0001:0002329f       _acl_scan_dir_file         1002429f f   acl_scan_dir.obj
 0001:000232bc       _acl_scan_dir_ndirs        100242bc f   acl_scan_dir.obj
 0001:000232d4       _acl_scan_dir_nfiles       100242d4 f   acl_scan_dir.obj
 0001:000232ec       _acl_scan_dir_nsize        100242ec f   acl_scan_dir.obj
 0001:0002330a       _acl_scan_stat             1002430a f   acl_scan_dir.obj
 0001:00023347       _acl_scan_dir_end          10024347 f   acl_scan_dir.obj
 0001:00023368       _acl_scan_dir_push         10024368 f   acl_scan_dir.obj
 0001:000234c1       _acl_scan_dir_pop          100244c1 f   acl_scan_dir.obj
 0001:00023616       _acl_scan_dir_next         10024616 f   acl_scan_dir.obj
 0001:000236d4       _acl_scan_dir_next_file    100246d4 f   acl_scan_dir.obj
 0001:000238a6       _acl_scan_dir_size2        100248a6 f   acl_scan_dir.obj
 0001:00023b34       _acl_scan_dir_size         10024b34 f   acl_scan_dir.obj
 0001:00023bd1       _acl_scan_dir_rm2          10024bd1 f   acl_scan_dir.obj
 0001:00023f2c       _acl_scan_dir_rm           10024f2c f   acl_scan_dir.obj
 0001:0002410e       _acl_dlopen                1002510e f   acl_dll.obj
 0001:0002416f       _acl_dlclose               1002516f f   acl_dll.obj
 0001:0002418f       _acl_dlsym                 1002518f f   acl_dll.obj
 0001:000241b2       _acl_clean_env             100251b2 f   acl_env.obj
 0001:00024315       _acl_getenv                10025315 f   acl_env.obj
 0001:000243c8       _acl_getenv3               100253c8 f   acl_env.obj
 0001:000243f9       _acl_setenv                100253f9 f   acl_env.obj
 0001:0002443e       _acl_putenv                1002543e f   acl_env.obj
 0001:0002450f       _acl_getenv_list           1002550f f   acl_env.obj
 0001:000246f7       _acl_exec_command          100256f7 f   acl_exec_command.obj
 0001:0002480b       _acl_process_path          1002580b f   acl_process.obj
 0001:00024887       _acl_getcwd                10025887 f   acl_process.obj
 0001:0002499a       _acl_safe_getenv           1002599a f   acl_safe_getenv.obj
 0001:000249bb       _acl_fstat                 100259bb f   acl_sys_file.obj
 0001:00024e74       _acl_file_open             10025e74 f   acl_sys_file.obj
 0001:00024fc5       _acl_file_close            10025fc5 f   acl_sys_file.obj
 0001:00025001       _acl_lseek                 10026001 f   acl_sys_file.obj
 0001:000250ec       _acl_file_read             100260ec f   acl_sys_file.obj
 0001:0002516e       _acl_file_write            1002616e f   acl_sys_file.obj
 0001:000251f3       _acl_file_writev           100261f3 f   acl_sys_file.obj
 0001:000252cc       _acl_file_fflush           100262cc f   acl_sys_file.obj
 0001:000252f7       _acl_file_size             100262f7 f   acl_sys_file.obj
 0001:00025384       _acl_file_fsize            10026384 f   acl_sys_file.obj
 0001:0002544b       _acl_socket_init           1002644b f   acl_sys_socket.obj
 0001:000255e5       _acl_socket_end            100265e5 f   acl_sys_socket.obj
 0001:000256ca       _acl_socket_close          100266ca f   acl_sys_socket.obj
 0001:000256ea       _acl_socket_read           100266ea f   acl_sys_socket.obj
 0001:00025743       _acl_socket_write          10026743 f   acl_sys_socket.obj
 0001:0002579c       _acl_socket_writev         1002679c f   acl_sys_socket.obj
 0001:0002585a       _acl_unsafe                1002685a f   acl_unsafe.obj
 0001:00025861       _gettimeofday              10026861 f   gettimeofday.obj
 0001:00025c83       _sleep                     10026c83 f   sleep.obj
 0001:00025caa       _acl_secure_snprintf       10026caa f   snprintf.obj
 0001:00025cfc       _acl_secure_vsnprintf      10026cfc f   snprintf.obj
 0001:00025d3c       _acl_alldig                10026d3c f   acl_alldig.obj
 0001:00025da0       _acl_safe_basename         10026da0 f   acl_basename.obj
 0001:00025e09       _acl_concatenate           10026e09 f   acl_concatenate.obj
 0001:00025ec3       _acl_hex_encode            10026ec3 f   acl_hex_code.obj
 0001:00026028       _acl_hex_decode            10027028 f   acl_hex_code.obj
 0001:000261db       _acl_lowercase             100271db f   acl_mystring.obj
 0001:00026236       _acl_lowercase2            10027236 f   acl_mystring.obj
 0001:0002629e       _acl_lowercase3            1002729e f   acl_mystring.obj
 0001:00026331       _acl_uppercase             10027331 f   acl_mystring.obj
 0001:0002638c       _acl_uppercase2            1002738c f   acl_mystring.obj
 0001:000263f4       _acl_uppercase3            100273f4 f   acl_mystring.obj
 0001:00026487       _acl_mystrtok              10027487 f   acl_mystring.obj
 0001:00026522       _acl_mystrline             10027522 f   acl_mystring.obj
 0001:00026617       _acl_mystr_trim            10027617 f   acl_mystring.obj
 0001:0002670d       _acl_mystr_strip           1002770d f   acl_mystring.obj
 0001:000268ac       _acl_mystr_truncate_byln   100278ac f   acl_mystring.obj
 0001:000268ef       _acl_strnlen               100278ef f   acl_mystring.obj
 0001:00026938       _acl_file_path_correct     10027938 f   acl_mystring.obj
 0001:00026970       _acl_dir_correct           10027970 f   acl_mystring.obj
 0001:000269d7       _acl_dir_getpath           100279d7 f   acl_mystring.obj
 0001:00026a6a       _acl_atoui64               10027a6a f   acl_mystring.obj
 0001:00026a8b       _acl_atoi64                10027a8b f   acl_mystring.obj
 0001:00026aac       _acl_ui64toa               10027aac f   acl_mystring.obj
 0001:00026ae1       _acl_i64toa                10027ae1 f   acl_mystring.obj
 0001:00026b16       _acl_i64toa_radix          10027b16 f   acl_mystring.obj
 0001:00026b6b       _acl_ui64toa_radix         10027b6b f   acl_mystring.obj
 0001:00026d6e       _acl_split_at              10027d6e f   acl_split_at.obj
 0001:00026db7       _acl_split_at_right        10027db7 f   acl_split_at.obj
 0001:00026e00       _acl_split_nameval         10027e00 f   acl_split_nameval.obj
 0001:00026fbe       _acl_str2time_t            10027fbe f   acl_str2time.obj
 0001:00027088       _acl_strrncasecmp          10028088 f   strcasecmp.obj
 0001:000271ef       _acl_strrncmp              100281ef f   strcasecmp.obj
 0001:0002731d       _acl_strcasecmp            1002831d f   strcasecmp.obj
 0001:000273a5       _acl_strncasecmp           100283a5 f   strcasecmp.obj
 0001:0002743c       _acl_rstrstr               1002843c f   strcasestr.obj
 0001:00027525       _acl_strcasestr            10028525 f   strcasestr.obj
 0001:000275f1       _acl_rstrcasestr           100285f1 f   strcasestr.obj
 0001:000276f2       _acl_allocator_create      100286f2 f   acl_allocator.obj
 0001:00027748       _acl_allocator_ctl         10028748 f   acl_allocator.obj
 0001:000277ef       _acl_allocator_config      100287ef f   acl_allocator.obj
 0001:0002781d       _acl_allocator_free        1002881d f   acl_allocator.obj
 0001:00027889       _acl_allocator_pool_add    10028889 f   acl_allocator.obj
 0001:00027947       _acl_allocator_pool_remove 10028947 f   acl_allocator.obj
 0001:00027a3c       _acl_allocator_pool_ifused 10028a3c f   acl_allocator.obj
 0001:00027a95       _acl_allocator_pool_inuse_count 10028a95 f   acl_allocator.obj
 0001:00027aee       _acl_allocator_pool_inuse_size 10028aee f   acl_allocator.obj
 0001:00027b47       _acl_allocator_pool_total_allocated 10028b47 f   acl_allocator.obj
 0001:00027b68       _acl_allocator_mem_alloc   10028b68 f   acl_allocator.obj
 0001:00027bd6       _acl_allocator_mem_free    10028bd6 f   acl_allocator.obj
 0001:00027c48       _acl_allocator_membuf_alloc 10028c48 f   acl_allocator.obj
 0001:00027cd7       _acl_allocator_membuf_realloc 10028cd7 f   acl_allocator.obj
 0001:00027da1       _acl_allocator_membuf_free 10028da1 f   acl_allocator.obj
 0001:00027e44       _allocator_alloc           10028e44 f   acl_allocator.obj
 0001:000282bb       _acl_dbuf_pool_create      100292bb f   acl_dbuf_pool.obj
 0001:00028380       _acl_dbuf_pool_destroy     10029380 f   acl_dbuf_pool.obj
 0001:00028410       _acl_dbuf_pool_free        10029410 f   acl_dbuf_pool.obj
 0001:0002848d       _acl_dbuf_pool_alloc       1002948d f   acl_dbuf_pool.obj
 0001:0002853a       _acl_dbuf_pool_calloc      1002953a f   acl_dbuf_pool.obj
 0001:0002857a       _acl_dbuf_pool_memdup      1002957a f   acl_dbuf_pool.obj
 0001:000285b5       _acl_dbuf_pool_strdup      100295b5 f   acl_dbuf_pool.obj
 0001:0002860f       _acl_dbuf_pool_test        1002960f f   acl_dbuf_pool.obj
 0001:00028867       _acl_default_memstat       10029867 f   acl_default_malloc.obj
 0001:000289aa       _acl_default_malloc        100299aa f   acl_default_malloc.obj
 0001:00028b2c       _acl_default_calloc        10029b2c f   acl_default_malloc.obj
 0001:00028b7c       _acl_default_realloc       10029b7c f   acl_default_malloc.obj
 0001:00028da1       _acl_default_strdup        10029da1 f   acl_default_malloc.obj
 0001:00028e88       _acl_default_strndup       10029e88 f   acl_default_malloc.obj
 0001:00028fac       _acl_default_memdup        10029fac f   acl_default_malloc.obj
 0001:0002907e       _acl_default_free          1002a07e f   acl_default_malloc.obj
 0001:000291dd       _acl_memory_debug_start    1002a1dd f   acl_malloc_glue.obj
 0001:0002923d       _acl_memory_debug_stop     1002a23d f   acl_malloc_glue.obj
 0001:00029283       _acl_memory_debug_stack    1002a283 f   acl_malloc_glue.obj
 0001:00029290       _acl_memory_stat           1002a290 f   acl_malloc_glue.obj
 0001:000293bc       _acl_memory_alloc_stat     1002a3bc f   acl_malloc_glue.obj
 0001:000293cd       _acl_malloc_glue           1002a3cd f   acl_malloc_glue.obj
 0001:0002948e       _acl_calloc_glue           1002a48e f   acl_malloc_glue.obj
 0001:00029552       _acl_realloc_glue          1002a552 f   acl_malloc_glue.obj
 0001:00029682       _acl_strdup_glue           1002a682 f   acl_malloc_glue.obj
 0001:00029761       _acl_strndup_glue          1002a761 f   acl_malloc_glue.obj
 0001:00029886       _acl_memdup_glue           1002a886 f   acl_malloc_glue.obj
 0001:0002994a       _acl_free_glue             1002a94a f   acl_malloc_glue.obj
 0001:00029a3a       _acl_free_fn_glue          1002aa3a f   acl_malloc_glue.obj
 0001:00029b89       _acl_mem_hook              1002ab89 f   acl_mem_hook.obj
 0001:00029ca1       _acl_mem_unhook            1002aca1 f   acl_mem_hook.obj
 0001:00029cec       _acl_mem_slice_init        1002acec f   acl_mem_slice.obj
 0001:00029ea8       _acl_mem_slice_delay_destroy 1002aea8 f   acl_mem_slice.obj
 0001:00029fcc       _acl_mem_slice_destroy     1002afcc f   acl_mem_slice.obj
 0001:0002a02b       _acl_mem_slice_gc          1002b02b f   acl_mem_slice.obj
 0001:0002a065       _acl_mem_slice_set         1002b065 f   acl_mem_slice.obj
 0001:0002ab42       _acl_mempool_open          1002bb42 f   acl_mempool.obj
 0001:0002ab77       _acl_mempool_close         1002bb77 f   acl_mempool.obj
 0001:0002abbf       _acl_mempool_ctl           1002bbbf f   acl_mempool.obj
 0001:0002ac9c       _acl_mempool_total_allocated 1002bc9c f   acl_mempool.obj
 0001:0002b236       _acl_slice_create          1002c236 f   acl_slice.obj
 0001:0002b393       _acl_slice_destroy         1002c393 f   acl_slice.obj
 0001:0002b3b4       _acl_slice_used            1002c3b4 f   acl_slice.obj
 0001:0002b3d8       _acl_slice_alloc           1002c3d8 f   acl_slice.obj
 0001:0002b3f9       _acl_slice_calloc          1002c3f9 f   acl_slice.obj
 0001:0002b444       _acl_slice_free2           1002c444 f   acl_slice.obj
 0001:0002b46c       _acl_slice_free            1002c46c f   acl_slice.obj
 0001:0002b4ea       _acl_slice_stat            1002c4ea f   acl_slice.obj
 0001:0002b512       _acl_slice_gc              1002c512 f   acl_slice.obj
 0001:0002b536       _acl_slice_pool_init       1002c536 f   acl_slice.obj
 0001:0002b7b3       _acl_slice_pool_create     1002c7b3 f   acl_slice.obj
 0001:0002b829       _acl_slice_pool_destroy    1002c829 f   acl_slice.obj
 0001:0002b897       _acl_slice_pool_used       1002c897 f   acl_slice.obj
 0001:0002b8ee       _acl_slice_pool_clean      1002c8ee f   acl_slice.obj
 0001:0002b93c       _acl_slice_pool_reset      1002c93c f   acl_slice.obj
 0001:0002b95a       _acl_slice_pool_free       1002c95a f   acl_slice.obj
 0001:0002b9a4       _acl_slice_pool_gc         1002c9a4 f   acl_slice.obj
 0001:0002b9e6       _acl_slice_pool_alloc      1002c9e6 f   acl_slice.obj
 0001:0002baa7       _acl_slice_pool_calloc     1002caa7 f   acl_slice.obj
 0001:0002baf8       _acl_slice_pool_realloc    1002caf8 f   acl_slice.obj
 0001:0002bb4b       _acl_slice_pool_memdup     1002cb4b f   acl_slice.obj
 0001:0002bb8d       _acl_slice_pool_strdup     1002cb8d f   acl_slice.obj
 0001:0002bbe4       _acl_slice_pool_strndup    1002cbe4 f   acl_slice.obj
 0001:0002de48       _mem_pool_create           1002ee48 f   mem_pool.obj
 0001:0002e073       _squid_allocator_create    1002f073 f   squid_allocator.obj
 0001:0002ed3d       _kb_incr                   1002fd3d f   squid_allocator_tools.obj
 0001:0002ede7       _gb_flush                  1002fde7 f   squid_allocator_tools.obj
 0001:0002ee12       _gb_to_double              1002fe12 f   squid_allocator_tools.obj
 0001:0002ee79       _gb_to_str                 1002fe79 f   squid_allocator_tools.obj
 0001:0002ef6e       _vstring_pool_create       1002ff6e f   vstring_pool.obj
 0001:0002f179       _acl_debug_dump            10030179 f   acl_debug_malloc.obj
 0001:0002f261       _acl_debug_malloc_init     10030261 f   acl_debug_malloc.obj
 0001:000300d6       _debug_htable_create       100310d6 f   debug_htable.obj
 0001:00030179       _debug_htable_enter        10031179 f   debug_htable.obj
 0001:00030308       _debug_htable_locate       10031308 f   debug_htable.obj
 0001:000303d0       _debug_htable_find         100313d0 f   debug_htable.obj
 0001:0003049b       _debug_htable_delete       1003149b f   debug_htable.obj
 0001:00030617       _debug_htable_free         10031617 f   debug_htable.obj
 0001:0003072c       _debug_htable_reset        1003172c f   debug_htable.obj
 0001:00030867       _debug_htable_walk         10031867 f   debug_htable.obj
 0001:00030906       _debug_htable_list         10031906 f   debug_htable.obj
 0001:00030c44       _acl_access_add            10031c44 f   acl_access.obj
 0001:000310d8       _acl_access_cfg            100320d8 f   acl_access.obj
 0001:000311db       _acl_access_setup_logfn    100321db f   acl_access.obj
 0001:000311ee       _acl_access_permit         100321ee f   acl_access.obj
 0001:00031309       _acl_access_debug          10032309 f   acl_access.obj
 0001:00031426       _acl_host_port             10032426 f   acl_host_port.obj
 0001:0003163e       _acl_get_ifaddrs           1003263e f   acl_ifconf.obj
 0001:00031a48       _acl_free_ifaddrs          10032a48 f   acl_ifconf.obj
 0001:00031ce6       _acl_mask_addr             10032ce6 f   acl_mask_addr.obj
 0001:00031d73       _acl_inet_ntop4            10032d73 f   acl_sane_inet.obj
 0001:00031e82       _acl_inet_ntoa             10032e82 f   acl_sane_inet.obj
 0001:00031eb0       _acl_is_ip                 10032eb0 f   acl_sane_inet.obj
 0001:00031f98       _acl_ipv4_valid            10032f98 f   acl_sane_inet.obj
 0001:00032147       _acl_ipv4_addr_valid       10033147 f   acl_sane_inet.obj
 0001:00032354       _acl_getpeername           10033354 f   acl_sane_socket.obj
 0001:0003248c       _acl_getsockname           1003348c f   acl_sane_socket.obj
 0001:000325c4       _acl_getsocktype           100335c4 f   acl_sane_socket.obj
 0001:00032685       _acl_tcp_set_rcvbuf        10033685 f   acl_tcp_ctl.obj
 0001:00032746       _acl_tcp_set_sndbuf        10033746 f   acl_tcp_ctl.obj
 0001:00032807       _acl_tcp_get_rcvbuf        10033807 f   acl_tcp_ctl.obj
 0001:00032909       _acl_tcp_get_sndbuf        10033909 f   acl_tcp_ctl.obj
 0001:00032a0b       _acl_tcp_set_nodelay       10033a0b f   acl_tcp_ctl.obj
 0001:00032a23       _acl_tcp_nodelay           10033a23 f   acl_tcp_ctl.obj
 0001:00032b0f       _acl_tcp_defer_accept      10033b0f f   acl_tcp_ctl.obj
 0001:00032b14       _acl_tcp_so_linger         10033b14 f   acl_tcp_ctl.obj
 0001:00032c2f       _acl_valid_hostname        10033c2f f   acl_valid_hostname.obj
 0001:00032e47       _acl_valid_hostaddr        10033e47 f   acl_valid_hostname.obj
 0001:00032ec2       _acl_valid_ipv4_hostaddr   10033ec2 f   acl_valid_hostname.obj
 0001:00033076       _acl_valid_ipv6_hostaddr   10034076 f   acl_valid_hostname.obj
 0001:000332b3       _acl_vstream_listen_ex     100342b3 f   acl_vstream_net.obj
 0001:000334bc       _acl_vstream_listen        100344bc f   acl_vstream_net.obj
 0001:000334dc       _acl_vstream_accept_ex     100344dc f   acl_vstream_net.obj
 0001:000337d3       _acl_vstream_accept        100347d3 f   acl_vstream_net.obj
 0001:000337f2       _acl_vstream_connect_ex    100347f2 f   acl_vstream_net.obj
 0001:00033906       _acl_vstream_connect       10034906 f   acl_vstream_net.obj
 0001:0003392b       _acl_inet_listen           1003492b f   acl_inet_listen.obj
 0001:00033cb1       _acl_inet_accept           10034cb1 f   acl_inet_listen.obj
 0001:00033ccc       _acl_inet_accept_ex        10034ccc f   acl_inet_listen.obj
 0001:00033e01       _acl_sane_accept           10034e01 f   acl_sane_accept.obj
 0001:00033eb3       _acl_accept                10034eb3 f   acl_sane_accept.obj
 0001:00034008       _acl_inet_connect          10035008 f   acl_inet_connect.obj
 0001:00034078       _acl_inet_connect_ex       10035078 f   acl_inet_connect.obj
 0001:00034665       _acl_sane_connect          10035665 f   acl_sane_connect.obj
 0001:00034759       _acl_timed_connect         10035759 f   acl_timed_connect.obj
 0001:0003488d       _acl_dns_init              1003588d f   acl_dns.obj
 0001:00034940       _acl_dns_create            10035940 f   acl_dns.obj
 0001:0003499c       _acl_dns_open_cache        1003599c f   acl_dns.obj
 0001:000349d0       _acl_dns_add_dns           100359d0 f   acl_dns.obj
 0001:00034b3e       _acl_dns_close             10035b3e f   acl_dns.obj
 0001:00034d2b       _acl_dns_check_dns_ip      10035d2b f   acl_dns.obj
 0001:00034d45       _acl_dns_check_dns_net     10035d45 f   acl_dns.obj
 0001:00034d5f       _acl_dns_set_retry_limit   10035d5f f   acl_dns.obj
 0001:00034d70       _acl_dns_lookup            10035d70 f   acl_dns.obj
 0001:00035396       _acl_dns_add_host          10036396 f   acl_dns.obj
 0001:0003556f       _acl_dns_add_group         1003656f f   acl_dns.obj
 0001:000357fc       _acl_dns_cancel            100367fc f   acl_dns.obj
 0001:00035879       _acl_dns_serror            10036879 f   acl_dns.obj
 0001:000366ae       _acl_netdb_index           100376ae f   acl_netdb.obj
 0001:00036763       _acl_netdb_index_saddr     10037763 f   acl_netdb.obj
 0001:0003681b       _acl_netdb_refer_oper      1003781b f   acl_netdb.obj
 0001:000368d6       _acl_netdb_refer           100378d6 f   acl_netdb.obj
 0001:000368f2       _acl_netdb_unrefer         100378f2 f   acl_netdb.obj
 0001:0003690e       _acl_netdb_index_ip        1003790e f   acl_netdb.obj
 0001:000369c3       _acl_netdb_size            100379c3 f   acl_netdb.obj
 0001:00036a0c       _acl_netdb_free            10037a0c f   acl_netdb.obj
 0001:00036a56       _acl_netdb_new             10037a56 f   acl_netdb.obj
 0001:00036bee       _acl_netdb_addip           10037bee f   acl_netdb.obj
 0001:00036c0a       _acl_netdb_add_addr        10037c0a f   acl_netdb.obj
 0001:00036dd6       _acl_netdb_clone           10037dd6 f   acl_netdb.obj
 0001:000370b6       _acl_gethostbyname         100380b6 f   acl_netdb.obj
 0001:000375a5       _acl_netdb_strerror        100385a5 f   acl_netdb.obj
 0001:0003770c       _acl_netdb_cache_push      1003870c f   acl_netdb_cache.obj
 0001:00037ac8       _acl_netdb_cache_lookup    10038ac8 f   acl_netdb_cache.obj
 0001:00037d28       _acl_netdb_cache_del_host  10038d28 f   acl_netdb_cache.obj
 0001:00037d76       _acl_netdb_cache_init      10038d76 f   acl_netdb_cache.obj
 0001:00038180       _acl_res_new               10039180 f   acl_res.obj
 0001:0003826b       _acl_res_free              1003926b f   acl_res.obj
 0001:00038297       _acl_res_lookup            10039297 f   acl_res.obj
 0001:00038689       _acl_res_strerror          10039689 f   acl_res.obj
 0001:000386e0       _acl_res_errmsg            100396e0 f   acl_res.obj
 0001:00038cab       _res_a_create              10039cab f   res_util.obj
 0001:00038daf       _rfc1035Strerror           10039daf f   rfc1035.obj
 0001:00038e07       _rfc1035BuildAQuery        10039e07 f   rfc1035.obj
 0001:00038f65       _rfc1035BuildPTRQuery      10039f65 f   rfc1035.obj
 0001:0003911f       _rfc1035SetQueryID         1003a11f f   rfc1035.obj
 0001:00039199       _rfc1035MessageUnpack      1003a199 f   rfc1035.obj
 0001:000394ad       _rfc1035QueryCompare       1003a4ad f   rfc1035.obj
 0001:00039583       _rfc1035MessageDestroy     1003a583 f   rfc1035.obj
 0001:000395fe       _rfc1035BuildAReply        1003a5fe f   rfc1035.obj
 0001:0003ad48       _acl_pthread_end           1003bd48 f   acl_pthread.obj
 0001:0003adea       _acl_pthread_once          1003bdea f   acl_pthread.obj
 0001:0003aebc       _acl_pthread_key_create    1003bebc f   acl_pthread.obj
 0001:0003af95       _acl_pthread_getspecific   1003bf95 f   acl_pthread.obj
 0001:0003afb5       _acl_pthread_setspecific   1003bfb5 f   acl_pthread.obj
 0001:0003b1de       _acl_pthread_attr_init     1003c1de f   acl_pthread.obj
 0001:0003b23b       _acl_pthread_attr_setstacksize 1003c23b f   acl_pthread.obj
 0001:0003b285       _acl_pthread_attr_setdetachstate 1003c285 f   acl_pthread.obj
 0001:0003b2b4       _acl_pthread_attr_destroy  1003c2b4 f   acl_pthread.obj
 0001:0003b2e9       _acl_pthread_self          1003c2e9 f   acl_pthread.obj
 0001:0003b306       _acl_pthread_create        1003c306 f   acl_pthread.obj
 0001:0003b599       _acl_pthread_detach        1003c599 f   acl_pthread.obj
 0001:0003b659       _acl_pthread_join          1003c659 f   acl_pthread.obj
 0001:0003b79c       _acl_pthread_atexit_add    1003c79c f   acl_pthread.obj
 0001:0003b8e3       _acl_pthread_atexit_remove 1003c8e3 f   acl_pthread.obj
 0001:0003ba5c       _acl_pthread_tls_set_max   1003ca5c f   acl_pthread.obj
 0001:0003ba8c       _acl_pthread_tls_get_max   1003ca8c f   acl_pthread.obj
 0001:0003ba96       _acl_pthread_tls_get       1003ca96 f   acl_pthread.obj
 0001:0003bd30       _acl_pthread_tls_set       1003cd30 f   acl_pthread.obj
 0001:0003bea8       _acl_pthread_tls_del       1003cea8 f   acl_pthread.obj
 0001:0003bfe0       _acl_pthread_tls_once_get  1003cfe0 f   acl_pthread.obj
 0001:0003bffe       _acl_pthread_tls_once_set  1003cffe f   acl_pthread.obj
 0001:0003c00b       _acl_pthread_tls_key_get   1003d00b f   acl_pthread.obj
 0001:0003c015       _acl_pthread_tls_key_set   1003d015 f   acl_pthread.obj
 0001:0003c5d1       _acl_pthread_cond_init     1003d5d1 f   acl_pthread_cond.obj
 0001:0003c6dc       _acl_pthread_cond_create   1003d6dc f   acl_pthread_cond.obj
 0001:0003c7db       _acl_pthread_cond_destroy  1003d7db f   acl_pthread_cond.obj
 0001:0003c856       _acl_pthread_cond_signal   1003d856 f   acl_pthread_cond.obj
 0001:0003c955       _acl_pthread_cond_broadcast 1003d955 f   acl_pthread_cond.obj
 0001:0003ca84       _acl_pthread_cond_timedwait 1003da84 f   acl_pthread_cond.obj
 0001:0003cc4a       _acl_pthread_cond_wait     1003dc4a f   acl_pthread_cond.obj
 0001:0003cc66       _acl_pthread_mutex_destroy 1003dc66 f   acl_pthread_mutex.obj
 0001:0003ccca       _acl_pthread_mutex_init    1003dcca f   acl_pthread_mutex.obj
 0001:0003cdf1       _acl_pthread_mutex_lock    1003ddf1 f   acl_pthread_mutex.obj
 0001:0003cef0       _acl_pthread_mutex_unlock  1003def0 f   acl_pthread_mutex.obj
 0001:0003cfeb       _acl_thread_mutex_lock     1003dfeb f   acl_pthread_mutex.obj
 0001:0003d188       _acl_thread_mutex_unlock   1003e188 f   acl_pthread_mutex.obj
 0001:0003d2e1       _acl_thread_mutex_nested   1003e2e1 f   acl_pthread_mutex.obj
 0001:0003d3a2       _acl_pthread_mutex_create  1003e3a2 f   acl_pthread_mutex.obj
 0001:0003d5d0       _acl_thread_pool_create    1003e5d0 f   acl_pthread_pool.obj
 0001:0003d671       _acl_pthread_pool_create   1003e671 f   acl_pthread_pool.obj
 0001:0003d9b4       _acl_pthread_pool_set_timewait 1003e9b4 f   acl_pthread_pool.obj
 0001:0003da17       _acl_pthread_pool_atinit   1003ea17 f   acl_pthread_pool.obj
 0001:0003da82       _acl_pthread_pool_atfree   1003ea82 f   acl_pthread_pool.obj
 0001:0003daed       _acl_pthread_pool_destroy  1003eaed f   acl_pthread_pool.obj
 0001:0003dd00       _acl_pthread_pool_stop     1003ed00 f   acl_pthread_pool.obj
 0001:0003de3e       _acl_pthread_pool_add      1003ee3e f   acl_pthread_pool.obj
 0001:0003df6f       _acl_pthread_pool_add_begin 1003ef6f f   acl_pthread_pool.obj
 0001:0003e00d       _acl_pthread_pool_add_one  1003f00d f   acl_pthread_pool.obj
 0001:0003e0e1       _acl_pthread_pool_add_end  1003f0e1 f   acl_pthread_pool.obj
 0001:0003e17f       _acl_pthread_pool_set_poller 1003f17f f   acl_pthread_pool.obj
 0001:0003e1e9       _acl_pthread_pool_start_poller 1003f1e9 f   acl_pthread_pool.obj
 0001:0003e3a8       _acl_pthread_pool_add_dispatch 1003f3a8 f   acl_pthread_pool.obj
 0001:0003e40d       _acl_pthread_pool_dispatch 1003f40d f   acl_pthread_pool.obj
 0001:0003e470       _acl_pthread_pool_size     1003f470 f   acl_pthread_pool.obj
 0001:0003e536       _acl_pthread_pool_set_stacksize 1003f536 f   acl_pthread_pool.obj
 0001:0003e55f       _acl_pthread_pool_attr_init 1003f55f f   acl_pthread_pool.obj
 0001:0003e580       _acl_pthread_pool_attr_set_stacksize 1003f580 f   acl_pthread_pool.obj
 0001:0003e59a       _acl_pthread_pool_attr_set_threads_limit 1003f59a f   acl_pthread_pool.obj
 0001:0003e5b3       _acl_pthread_pool_attr_set_idle_timeout 1003f5b3 f   acl_pthread_pool.obj
 0001:0003f3b7       _acl_pthread_rwlock_destroy 100403b7 f   acl_pthread_rwlock.obj
 0001:0003f437       _acl_pthread_rwlock_init   10040437 f   acl_pthread_rwlock.obj
 0001:0003f554       _acl_pthread_rwlock_rdlock 10040554 f   acl_pthread_rwlock.obj
 0001:0003f618       _acl_pthread_rwlock_tryrdlock 10040618 f   acl_pthread_rwlock.obj
 0001:0003f6b5       _acl_pthread_rwlock_trywrlock 100406b5 f   acl_pthread_rwlock.obj
 0001:0003f72e       _acl_pthread_rwlock_unlock 1004072e f   acl_pthread_rwlock.obj
 0001:0003f820       _acl_pthread_rwlock_wrlock 10040820 f   acl_pthread_rwlock.obj
 0001:0003f8e7       _acl_pthread_rwlockattr_init 100408e7 f   acl_pthread_rwlock.obj
 0001:0003f93b       _acl_pthread_rwlockattr_getpshared 1004093b f   acl_pthread_rwlock.obj
 0001:0003f94e       _acl_pthread_rwlockattr_setpshared 1004094e f   acl_pthread_rwlock.obj
 0001:0003f96a       _acl_pthread_rwlockattr_destroy 1004096a f   acl_pthread_rwlock.obj
 0001:0003f9be       _acl_sem_create2           100409be f   acl_sem.obj
 0001:0003fb11       _acl_sem_create            10040b11 f   acl_sem.obj
 0001:0003fb29       _acl_sem_destroy           10040b29 f   acl_sem.obj
 0001:0003fb79       _acl_sem_wait_timeout      10040b79 f   acl_sem.obj
 0001:0003fcc0       _acl_sem_try_wait          10040cc0 f   acl_sem.obj
 0001:0003fcd8       _acl_sem_wait              10040cd8 f   acl_sem.obj
 0001:0003fcf0       _acl_sem_value             10040cf0 f   acl_sem.obj
 0001:0003fd97       _acl_sem_post              10040d97 f   acl_sem.obj
 0001:0003feb2       _acl_aqueue_new            10040eb2 f   acl_aqueue.obj
 0001:0003ffbe       _acl_aqueue_check_owner    10040fbe f   acl_aqueue.obj
 0001:0003ffd2       _acl_aqueue_set_owner      10040fd2 f   acl_aqueue.obj
 0001:0003ffe6       _acl_aqueue_free           10040fe6 f   acl_aqueue.obj
 0001:000401aa       _acl_aqueue_pop            100411aa f   acl_aqueue.obj
 0001:000401c5       _acl_aqueue_pop_timedwait  100411c5 f   acl_aqueue.obj
 0001:00040448       _acl_aqueue_push           10041448 f   acl_aqueue.obj
 0001:00040648       _acl_aqueue_last_error     10041648 f   acl_aqueue.obj
 0001:0004065e       _acl_aqueue_set_quit       1004165e f   acl_aqueue.obj
 0001:0004080f       _acl_msgio_init            1004180f f   acl_msgio.obj
 0001:0004085d       _acl_msgio_close           1004185d f   acl_msgio.obj
 0001:00040894       _acl_msgio_reg             10041894 f   acl_msgio.obj
 0001:000408b6       _acl_msgio_listen_reg      100418b6 f   acl_msgio.obj
 0001:000408d9       _acl_msgio_unreg           100418d9 f   acl_msgio.obj
 0001:00040945       _acl_msgio_unreg_id        10041945 f   acl_msgio.obj
 0001:000409ba       _acl_msgio_unreg_all       100419ba f   acl_msgio.obj
 0001:00040a3c       _acl_msgio_wait            10041a3c f   acl_msgio.obj
 0001:00040a99       _acl_msgio_listen          10041a99 f   acl_msgio.obj
 0001:00040c44       _acl_msgio_accept          10041c44 f   acl_msgio.obj
 0001:00040c78       _acl_msgio_connect         10041c78 f   acl_msgio.obj
 0001:00040de9       _acl_msgio_set_noblock     10041de9 f   acl_msgio.obj
 0001:00040e37       _acl_msgio_send            10041e37 f   acl_msgio.obj
 0001:00040f6c       _acl_msgio_addr            10041f6c f   acl_msgio.obj
 0001:00040fdb       _acl_msgio_aio             10041fdb f   acl_msgio.obj
 0001:00040fe5       _acl_msgio_vstream         10041fe5 f   acl_msgio.obj
 0001:0004100f       _acl_msgio_astream         1004200f f   acl_msgio.obj
 0001:00042152       _acl_xml_is_closure        10043152 f   acl_xml.obj
 0001:000421ae       _acl_xml_is_complete       100431ae f   acl_xml.obj
 0001:0004222f       _acl_xml_alloc             1004322f f   acl_xml.obj
 0001:00042243       _acl_xml_alloc1            10043243 f   acl_xml.obj
 0001:000422f6       _acl_xml_foreach_init      100432f6 f   acl_xml.obj
 0001:0004232c       _acl_xml_slash             1004332c f   acl_xml.obj
 0001:00042346       _acl_xml_cache             10043346 f   acl_xml.obj
 0001:00042399       _acl_xml_cache_free        10043399 f   acl_xml.obj
 0001:000423ce       _acl_xml_free              100433ce f   acl_xml.obj
 0001:000424d0       _acl_xml_reset             100434d0 f   acl_xml.obj
 0001:00042581       _acl_xml_attr_alloc        10043581 f   acl_xml.obj
 0001:0004263b       _acl_xml_attr_free         1004363b f   acl_xml.obj
 0001:0004269b       _acl_xml_node_alloc        1004369b f   acl_xml.obj
 0001:000427f7       _acl_xml_node_delete       100437f7 f   acl_xml.obj
 0001:000428f3       _acl_xml_node_append       100438f3 f   acl_xml.obj
 0001:00042920       _acl_xml_node_add_child    10043920 f   acl_xml.obj
 0001:0004294a       _acl_xml_node_parent       1004394a f   acl_xml.obj
 0001:00042955       _acl_xml_node_next         10043955 f   acl_xml.obj
 0001:000429c5       _acl_xml_node_prev         100439c5 f   acl_xml.obj
 0001:000431af       _acl_xml_update            100441af f   acl_xml_parse.obj
 0001:00045938       _acl_xml_tag_init          10046938 f   acl_xml_util.obj
 0001:0004596d       _acl_xml_tag_add           1004696d f   acl_xml_util.obj
 0001:00045a95       _acl_xml_tag_selfclosed    10046a95 f   acl_xml_util.obj
 0001:00045bcd       _acl_xml_tag_leaf          10046bcd f   acl_xml_util.obj
 0001:00045bf3       _acl_xml_free_array        10046bf3 f   acl_xml_util.obj
 0001:00045c0b       _acl_xml_getElementsByTagName 10046c0b f   acl_xml_util.obj
 0001:00045ce8       _acl_xml_getElementsByTags 10046ce8 f   acl_xml_util.obj
 0001:00045e95       _acl_xml_getElementsByName 10046e95 f   acl_xml_util.obj
 0001:00045eb4       _acl_xml_getElementsByAttr 10046eb4 f   acl_xml_util.obj
 0001:0004600f       _acl_xml_getAttrById       1004700f f   acl_xml_util.obj
 0001:0004602b       _acl_xml_getAttrValueById  1004702b f   acl_xml_util.obj
 0001:00046065       _acl_xml_getElementById    10047065 f   acl_xml_util.obj
 0001:0004609b       _acl_xml_getElementMeta    1004709b f   acl_xml_util.obj
 0001:0004615c       _acl_xml_getEncoding       1004715c f   acl_xml_util.obj
 0001:0004619e       _acl_xml_getType           1004719e f   acl_xml_util.obj
 0001:000461e0       _acl_xml_getElementAttr    100471e0 f   acl_xml_util.obj
 0001:00046299       _acl_xml_getElementAttrVal 10047299 f   acl_xml_util.obj
 0001:000462d3       _acl_xml_removeElementAttr 100472d3 f   acl_xml_util.obj
 0001:0004635d       _acl_xml_addElementAttr    1004735d f   acl_xml_util.obj
 0001:000463de       _acl_xml_create_node       100473de f   acl_xml_util.obj
 0001:00046458       _acl_xml_node_add_attr     10047458 f   acl_xml_util.obj
 0001:000464d3       _acl_xml_node_add_attrs    100474d3 f   acl_xml_util.obj
 0001:0004655c       _acl_xml_node_set_text     1004755c f   acl_xml_util.obj
 0001:00046588       _acl_xml_build             10047588 f   acl_xml_util.obj
 0001:000468cc       _acl_xml_dump              100478cc f   acl_xml_util.obj
 0001:00046aa0       _acl_xml_dump2             10047aa0 f   acl_xml_util.obj
 0001:00046e22       _acl_event_new             10047e22 f   acl_events.obj
 0001:00046f72       _acl_event_new_select      10047f72 f   acl_events.obj
 0001:00046fbe       _acl_event_new_select_thr  10047fbe f   acl_events.obj
 0001:0004700a       _acl_event_new_poll        1004800a f   acl_events.obj
 0001:0004704b       _acl_event_new_poll_thr    1004804b f   acl_events.obj
 0001:0004708c       _acl_event_new_kernel      1004808c f   acl_events.obj
 0001:000470d9       _acl_event_new_kernel2     100480d9 f   acl_events.obj
 0001:0004711a       _acl_event_new_kernel3     1004811a f   acl_events.obj
 0001:0004715b       _acl_event_new_kernel_thr  1004815b f   acl_events.obj
 0001:0004719c       _acl_event_new_wmsg        1004819c f   acl_events.obj
 0001:000471e7       _acl_event_add_dog         100481e7 f   acl_events.obj
 0001:0004720b       _acl_event_free            1004820b f   acl_events.obj
 0001:00047302       _acl_event_time            10048302 f   acl_events.obj
 0001:00047316       _acl_event_enable_read     10048316 f   acl_events.obj
 0001:00047388       _acl_event_enable_write    10048388 f   acl_events.obj
 0001:000473fa       _acl_event_enable_listen   100483fa f   acl_events.obj
 0001:0004742c       _acl_event_disable_read    1004842c f   acl_events.obj
 0001:00047494       _acl_event_disable_write   10048494 f   acl_events.obj
 0001:000474fc       _acl_event_disable_readwrite 100484fc f   acl_events.obj
 0001:00047524       _acl_event_isset           10048524 f   acl_events.obj
 0001:0004756d       _acl_event_isrset          1004856d f   acl_events.obj
 0001:00047595       _acl_event_iswset          10048595 f   acl_events.obj
 0001:000475bd       _acl_event_isxset          100485bd f   acl_events.obj
 0001:000475e5       _acl_event_request_timer   100485e5 f   acl_events.obj
 0001:000476b4       _acl_event_cancel_timer    100486b4 f   acl_events.obj
 0001:000476e0       _acl_event_keep_timer      100486e0 f   acl_events.obj
 0001:0004770f       _acl_event_timer_ifkeep    1004870f f   acl_events.obj
 0001:0004773b       _acl_event_loop            1004873b f   acl_events.obj
 0001:0004775f       _acl_event_set_delay_sec   1004875f f   acl_events.obj
 0001:00047770       _acl_event_set_delay_usec  10048770 f   acl_events.obj
 0001:00047781       _acl_event_use_thread      10048781 f   acl_events.obj
 0001:0004778f       _acl_event_mode            1004878f f   acl_events.obj
 0001:000479a3       _acl_timer_request         100489a3 f   acl_timer.obj
 0001:00047b40       _acl_timer_cancel          10048b40 f   acl_timer.obj
 0001:00047c75       _acl_timer_popup           10048c75 f   acl_timer.obj
 0001:00047d99       _acl_timer_left            10048d99 f   acl_timer.obj
 0001:00047e9d       _acl_timer_walk            10048e9d f   acl_timer.obj
 0001:00047f2a       _acl_timer_new             10048f2a f   acl_timer.obj
 0001:00047fb9       _acl_timer_free            10048fb9 f   acl_timer.obj
 0001:00048067       _acl_timer_size            10049067 f   acl_timer.obj
 0001:0004826b       _event_check_fds           1004926b f   events.obj
 0001:00048502       _event_prepare             10049502 f   events.obj
 0001:000487df       _event_fire                100497df f   events.obj
 0001:00048aaf       _event_thr_prepare         10049aaf f   events.obj
 0001:00048d8f       _event_thr_fire            10049d8f f   events.obj
 0001:00048ff8       _event_alloc               10049ff8 f   events_alloc.obj
 0001:0004948c       _event_dog_create          1004a48c f   events_dog.obj
 0001:000494fd       _event_dog_notify          1004a4fd f   events_dog.obj
 0001:000495b1       _event_dog_client          1004a5b1 f   events_dog.obj
 0001:000495cf       _event_dog_free            1004a5cf f   events_dog.obj
 0001:00049932       _event_fdtable_alloc       1004a932 f   events_fdtable.obj
 0001:00049970       _event_fdtable_free        1004a970 f   events_fdtable.obj
 0001:00049996       _event_fdtable_reset       1004a996 f   events_fdtable.obj
 0001:000499bf       _event_new_iocp            1004a9bf f   events_iocp.obj
 0001:0004b9b6       _event_new_select          1004c9b6 f   events_select.obj
 0001:0004d55f       _event_new_select_thr      1004e55f f   events_select_thr.obj
 0001:0004f13a       _event_timer_request       1005013a f   events_timer.obj
 0001:0004f3db       _event_timer_cancel        100503db f   events_timer.obj
 0001:0004f58c       _event_timer_keep          1005058c f   events_timer.obj
 0001:0004f621       _event_timer_ifkeep        10050621 f   events_timer.obj
 0001:0004f6b2       _event_timer_request_thr   100506b2 f   events_timer_thr.obj
 0001:0004f9a7       _event_timer_cancel_thr    100509a7 f   events_timer_thr.obj
 0001:0004fbb8       _event_timer_keep_thr      10050bb8 f   events_timer_thr.obj
 0001:0004fd05       _event_timer_ifkeep_thr    10050d05 f   events_timer_thr.obj
 0001:0004fe8e       _acl_event_wmsg_hwnd       10050e8e f   events_wmsg.obj
 0001:0004feaa       _event_new_wmsg            10050eaa f   events_wmsg.obj
 0001:00051d70       _acl_fdmap_create          10052d70 f   fdmap.obj
 0001:00051e2d       _acl_fdmap_add             10052e2d f   fdmap.obj
 0001:00051e8e       _acl_fdmap_del             10052e8e f   fdmap.obj
 0001:00051ed2       _acl_fdmap_ctx             10052ed2 f   fdmap.obj
 0001:00051f22       _acl_fdmap_free            10052f22 f   fdmap.obj
 0001:00051f6c       _acl_ioctl_create          10052f6c f   acl_ioctl.obj
 0001:00051fac       _acl_ioctl_create_ex       10052fac f   acl_ioctl.obj
 0001:0005206c       _acl_ioctl_add_dog         1005306c f   acl_ioctl.obj
 0001:0005208d       _acl_ioctl_ctl             1005308d f   acl_ioctl.obj
 0001:00052245       _acl_ioctl_free            10053245 f   acl_ioctl.obj
 0001:000522a0       _acl_ioctl_start           100532a0 f   acl_ioctl.obj
 0001:00052393       _acl_ioctl_loop            10053393 f   acl_ioctl.obj
 0001:000523ba       _acl_ioctl_event           100533ba f   acl_ioctl.obj
 0001:000523cf       _acl_ioctl_disable_readwrite 100533cf f   acl_ioctl.obj
 0001:00052400       _acl_ioctl_disable_read    10053400 f   acl_ioctl.obj
 0001:00052431       _acl_ioctl_disable_write   10053431 f   acl_ioctl.obj
 0001:00052462       _acl_ioctl_isset           10053462 f   acl_ioctl.obj
 0001:0005247e       _acl_ioctl_isrset          1005347e f   acl_ioctl.obj
 0001:0005249a       _acl_ioctl_iswset          1005349a f   acl_ioctl.obj
 0001:000524b6       _acl_ioctl_enable_read     100534b6 f   acl_ioctl.obj
 0001:000525b2       _acl_ioctl_enable_write    100535b2 f   acl_ioctl.obj
 0001:000526a4       _acl_ioctl_enable_connect  100536a4 f   acl_ioctl.obj
 0001:000526fa       _acl_ioctl_enable_listen   100536fa f   acl_ioctl.obj
 0001:000527ec       _acl_ioctl_connect         100537ec f   acl_ioctl.obj
 0001:00052862       _acl_ioctl_listen          10053862 f   acl_ioctl.obj
 0001:0005287b       _acl_ioctl_listen_ex       1005387b f   acl_ioctl.obj
 0001:0005289e       _acl_ioctl_accept          1005389e f   acl_ioctl.obj
 0001:000528bb       _acl_ioctl_request_timer   100538bb f   acl_ioctl.obj
 0001:00052934       _acl_ioctl_cancel_timer    10053934 f   acl_ioctl.obj
 0001:00052ab4       _read_notify_callback      10053ab4 f   ioctl_proc.obj
 0001:00052b6f       _write_notify_callback     10053b6f f   ioctl_proc.obj
 0001:00052c2a       _listen_notify_callback    10053c2a f   ioctl_proc.obj
 0001:00052ce5       _acl_ioctl_add             10053ce5 f   ioctl_thr.obj
 0001:00052dac       _acl_ioctl_nworker         10053dac f   ioctl_thr.obj
 0001:00052dc4       _read_notify_callback_r    10053dc4 f   ioctl_thr.obj
 0001:00052e4b       _write_notify_callback_r   10053e4b f   ioctl_thr.obj
 0001:00052ed2       _listen_notify_callback_r  10053ed2 f   ioctl_thr.obj
 0001:0005305f       _acl_aio_create            1005405f f   acl_aio.obj
 0001:00053077       _acl_aio_create2           10054077 f   acl_aio.obj
 0001:0005325c       _acl_aio_free              1005425c f   acl_aio.obj
 0001:0005329c       _acl_aio_loop              1005429c f   acl_aio.obj
 0001:000532cc       _acl_aio_check             100542cc f   acl_aio.obj
 0001:000532e1       _acl_aio_event             100542e1 f   acl_aio.obj
 0001:000532f5       _acl_aio_event_mode        100542f5 f   acl_aio.obj
 0001:00053300       _acl_aio_get_keep_read     10054300 f   acl_aio.obj
 0001:00053315       _acl_aio_set_keep_read     10054315 f   acl_aio.obj
 0001:00053329       _acl_aio_get_delay_sec     10054329 f   acl_aio.obj
 0001:0005333f       _acl_aio_get_delay_usec    1005433f f   acl_aio.obj
 0001:00053355       _acl_aio_set_delay_sec     10054355 f   acl_aio.obj
 0001:0005337f       _acl_aio_set_delay_usec    1005437f f   acl_aio.obj
 0001:000533a9       _acl_aio_set_rbuf_size     100543a9 f   acl_aio.obj
[...]
 0003:0005ae70       $SG95390                   1011be70     proctl_monitor.obj
 0003:0005ae78       $SG95392                   1011be78     proctl_monitor.obj
 0003:0005ae90       $SG95398                   1011be90     proctl_monitor.obj
 0003:0005aea4       $SG95411                   1011bea4     proctl_monitor.obj
 0003:0005aeb8       $SG95412                   1011beb8     proctl_monitor.obj
 0003:0005aebc       $SG95419                   1011bebc     proctl_monitor.obj
 0003:0005aed4       $SG95424                   1011bed4     proctl_monitor.obj
 0003:0005af00       $SG95172                   1011bf00     proctl_monitor.obj
 0003:0005af1c       $SG95180                   1011bf1c     proctl_monitor.obj
 0003:0005af3c       $SG95181                   1011bf3c     proctl_monitor.obj
 0003:0005af64       $SG95184                   1011bf64     proctl_monitor.obj
 0003:0005af8c       $SG95185                   1011bf8c     proctl_monitor.obj
 0003:0005afb0       $SG95187                   1011bfb0     proctl_monitor.obj
 0003:0005afcc       $SG95189                   1011bfcc     proctl_monitor.obj
 0003:0005afe0       $SG95192                   1011bfe0     proctl_monitor.obj
 0003:0005b008       $SG95193                   1011c008     proctl_monitor.obj
 0003:0005b030       $SG95196                   1011c030     proctl_monitor.obj
 0003:0005b058       $SG95197                   1011c058     proctl_monitor.obj
 0003:0005b080       $SG95200                   1011c080     proctl_monitor.obj
 0003:0005b084       $SG95201                   1011c084     proctl_monitor.obj
 0003:0005b0ac       $SG95202                   1011c0ac     proctl_monitor.obj
 0003:0005b0dc       $SG95204                   1011c0dc     proctl_monitor.obj
 0003:0005b0f0       $SG95205                   1011c0f0     proctl_monitor.obj
 0003:0005b10c       $SG95214                   1011c10c     proctl_monitor.obj
 0003:0005b12c       $SG95228                   1011c12c     proctl_monitor.obj
 0003:0005b144       $SG95235                   1011c144     proctl_service.obj
 0003:0005b168       $SG95244                   1011c168     proctl_service.obj
 0003:0005b188       $SG95249                   1011c188     proctl_service.obj
 0003:0005b1a8       $SG95257                   1011c1a8     proctl_service.obj
 0003:0005b1bc       $SG95262                   1011c1bc     proctl_service.obj
 0003:0005b1e0       $SG95274                   1011c1e0     proctl_service.obj
 0003:0005b1f4       $SG95282                   1011c1f4     proctl_service.obj
 0003:0005b1f8       $SG95283                   1011c1f8     proctl_service.obj
 0003:0005b1fc       $SG95287                   1011c1fc     proctl_service.obj
 0003:0005b200       $SG95288                   1011c200     proctl_service.obj
 0003:0005b204       $SG95290                   1011c204     proctl_service.obj
 0003:0005b224       $SG95300                   1011c224     proctl_service.obj
 0003:0005b244       $SG95312                   1011c244     proctl_service.obj
 0003:0005b264       $SG95319                   1011c264     proctl_service.obj
 0003:0005b278       $SG95387                   1011c278     proctl_service.obj
 0003:0005b290       $SG95396                   1011c290     proctl_service.obj
 0003:0005b2bc       $SG95409                   1011c2bc     proctl_service.obj
 0003:0005b2dc       $SG95417                   1011c2dc     proctl_service.obj
 0003:0005b2fc       $SG95439                   1011c2fc     proctl_service.obj
 0003:0005b30c       $SG95455                   1011c30c     proctl_service.obj
 0003:0005b32c       $SG95462                   1011c32c     proctl_service.obj
 0003:0005b340       $SG95478                   1011c340     proctl_service.obj
 0003:0005b364       $SG95482                   1011c364     proctl_service.obj
 0003:0005b37c       $SG95486                   1011c37c     proctl_service.obj
 0003:0005b390       $SG95498                   1011c390     proctl_service.obj
 0003:0005b3b8       $SG95502                   1011c3b8     proctl_service.obj
 0003:0005b3d4       $SG95504                   1011c3d4     proctl_service.obj
 0003:0005b3f8       $SG95508                   1011c3f8     proctl_service.obj
 0003:0005b420       $SG95513                   1011c420     proctl_service.obj
 0003:0005b450       ___sem_handle              1011c450     proctl_service.obj
 0003:0005b454       ___max_handle              1011c454     proctl_service.obj
 0003:0005b458       $SG95180                   1011c458     proctl_service.obj
 0003:0005b468       $SG95184                   1011c468     proctl_service.obj
 0003:0005b488       $SG95199                   1011c488     proctl_service.obj
 0003:0005b494       $SG95202                   1011c494     proctl_service.obj
 0003:0005b4ac       $SG95209                   1011c4ac     proctl_service.obj
 0003:0005b4d0       $SG95215                   1011c4d0     proctl_service.obj
 0003:0005b4dc       $SG95224                   1011c4dc     proctl_service.obj
 0003:0005b4fc       $SG95227                   1011c4fc     proctl_service.obj
 0003:0005b510       $SG95233                   1011c510     proctl_utils.obj
 0003:0005b530       $SG95235                   1011c530     proctl_utils.obj
 0003:0005b53c       $SG95238                   1011c53c     proctl_utils.obj
 0003:0005b558       $SG95240                   1011c558     proctl_utils.obj
 0003:0005b57c       $SG95242                   1011c57c     proctl_utils.obj
 0003:0005b5a0       $SG95244                   1011c5a0     proctl_utils.obj
 0003:0005b5a8       $SG95245                   1011c5a8     proctl_utils.obj
 0003:0005b5d0       $SG95247                   1011c5d0     proctl_utils.obj
 0003:0005b5f4       $SG95249                   1011c5f4     proctl_utils.obj
 0003:0005b614       $SG95174                   1011c614     proctl_utils.obj
 0003:0005b620       $SG95187                   1011c620     proctl_utils.obj
 0003:0005b628       $SG95200                   1011c628     proctl_utils.obj
 0003:0005b62c       $SG95203                   1011c62c     proctl_utils.obj
 0003:0005b634       $SG95212                   1011c634     proctl_utils.obj
 0003:0005b648       $SG95218                   1011c648     proctl_utils.obj
 0003:0005b66c       $SG95220                   1011c66c     proctl_utils.obj
 0003:0005b694       $SG95223                   1011c694     proctl_utils.obj
 0003:0005b6a4       $SG95231                   1011c6a4     proctl_utils.obj
 0003:0005b6c8       _version                   1011c6c8     acl_init.obj
 0003:0005b6cc       $SG95246                   1011c6cc     acl_init.obj
 0003:0005b6dc       _acl_var_main_tid          1011c6dc     acl_init.obj
 0003:0005b6e0       $SG95321                   1011c6e0     private_vstream.obj
 0003:0005b6f0       $SG95324                   1011c6f0     private_vstream.obj
 0003:0005b700       $SG95338                   1011c700     private_vstream.obj
 0003:0005b710       $SG95341                   1011c710     private_vstream.obj
 0003:0005b720       $SG95347                   1011c720     private_vstream.obj
 0003:0005b734       $SG95474                   1011c734     private_vstream.obj
 0003:0005b768       $SG95674                   1011c768     private_vstream.obj
 0003:0005b76c       $SG95677                   1011c76c     private_vstream.obj
 0003:0005b770       $SG95845                   1011c770     private_vstream.obj
 0003:0005b774       ?types_tab@?1??acl_json_node_type@@9@9 1011c774     acl_json.obj
 0003:0005b780       $SG95235                   1011c780     acl_json.obj
 0003:0005b78c       $SG95236                   1011c78c     acl_json.obj
 0003:0005b798       $SG95237                   1011c798     acl_json.obj
 0003:0005b7a8       ?unknown@?1??acl_json_node_type@@9@9 1011c7a8     acl_json.obj
 0003:0005b7ac       $SG95240                   1011c7ac     acl_json.obj
 0003:0005b7b4       $SG95283                   1011c7b4     acl_json.obj
 0003:0005b7cc       $SG95284                   1011c7cc     acl_json.obj
 0003:0005b7e0       $SG95333                   1011c7e0     acl_json.obj
 0003:0005b7f8       $SG95334                   1011c7f8     acl_json.obj
 0003:0005b80c       $SG95351                   1011c80c     acl_json.obj
 0003:0005b824       $SG95355                   1011c824     acl_json.obj
 0003:0005b83c       $SG95404                   1011c83c     acl_json.obj
 0003:0005b854       $SG95409                   1011c854     acl_json.obj
 0003:0005b86c       $SG95415                   1011c86c     acl_json.obj
 0003:0005b87c       $SG95428                   1011c87c     acl_json.obj
 0003:0005b89c       $SG95148                   1011c89c     acl_json.obj
 0003:0005b8b4       $SG95152                   1011c8b4     acl_json.obj
 0003:0005b8cc       $SG95158                   1011c8cc     acl_json.obj
 0003:0005b8e4       $SG95163                   1011c8e4     acl_json.obj
 0003:0005b8fc       _status_tab                1011c8fc     acl_json_parse.obj
 0003:0005b92c       $SG95095                   1011c92c     acl_json_util.obj
 0003:0005b930       $SG95115                   1011c930     acl_json_util.obj
 0003:0005b934       $SG95150                   1011c934     acl_json_util.obj
 0003:0005b950       $SG95152                   1011c950     acl_json_util.obj
 0003:0005b978       $SG95192                   1011c978     acl_json_util.obj
 0003:0005b97c       $SG95200                   1011c97c     acl_json_util.obj
 0003:0005b9b0       ___decode_token_tree       1011c9b0     acl_htmlcode.obj
 0003:0005b9b4       ___decode_token_once       1011c9b4     acl_htmlcode.obj
 0003:0005b9b8       ___token_tree              1011c9b8     acl_xmlcode.obj
 0003:0005b9bc       ___token_once              1011c9bc     acl_xmlcode.obj
 0003:0005b9c0       _pDebugLevels              1011c9c0     acl_debug.obj
 0003:0005b9cc       _scan                      1011c9cc     acl_getopt.obj
 0003:0005b9d0       ___tls                     1011c9d0     acl_meter_time.obj
 0003:0005b9d4       _once_control              1011c9d4     acl_meter_time.obj
 0003:0005b9d8       _once_key                  1011c9d8     acl_meter_time.obj
 0003:0005b9dc       ___main_buf                1011c9dc     acl_msg.obj
 0003:0005b9e0       _once_control              1011c9e0     acl_msg.obj
 0003:0005b9e8       ___log_open_flag           1011c9e8     acl_msg.obj
 0003:0005b9ec       ___stdout_enable           1011c9ec     acl_msg.obj
 0003:0005b9f0       ___open_fn                 1011c9f0     acl_msg.obj
 0003:0005b9f4       ___close_fn                1011c9f4     acl_msg.obj
 0003:0005b9f8       ___write_fn                1011c9f8     acl_msg.obj
 0003:0005b9fc       ___pre_write_fn            1011c9fc     acl_msg.obj
 0003:0005ba00       ___pre_write_ctx           1011ca00     acl_msg.obj
 0003:0005ba04       ___msg_ctx                 1011ca04     acl_msg.obj
 0003:0005ba08       ___errbuf_key              1011ca08     acl_msg.obj
 0003:0005ba0c       ___log_thread_id           1011ca0c     acl_mylog.obj
 0003:0005ba10       ___loggers                 1011ca10     acl_mylog.obj
 0003:0005ba14       $SG95111                   1011ca14     acl_readline.obj
 0003:0005ba18       ___vstream_stdin_buf       1011ca18     acl_vstream.obj
 0003:0005ca18       ___vstream_stdout_buf      1011da18     acl_vstream.obj
 0003:0005da18       ___vstream_stderr_buf      1011ea18     acl_vstream.obj
 0003:0005ea18       ?__called@?1??acl_vstream_init@@9@9 1011fa18     acl_vstream.obj
 0003:0005ea1c       ?id@?1??acl_pipe@@9@9      1011fa1c     acl_pipe.obj
 0003:0005ea20       ?__buf_unsafe@?1??acl_token_name1@@9@9 1011fa20     acl_token_tree.obj
 0003:0005ea24       ___debug_section           1011fa24     acl_fhandle.obj
 0003:0005ea28       ___flags                   1011fa28     acl_fhandle.obj
 0003:0005ea2c       ___fhandle_table           1011fa2c     acl_fhandle.obj
 0003:0005ea30       ___fhandle_free_list       1011fa30     acl_fhandle.obj
 0003:0005ea40       ___fhandle_mutex           1011fa40     acl_fhandle.obj
 0003:0005ea48       ?buf_unsafe@?1??get_tls_buf@@9@9 1011fa48     acl_process.obj
 0003:0005fa48       ___socket_inited           10120a48     acl_sys_socket.obj
 0003:0005fa4c       ___socket_ended            10120a4c     acl_sys_socket.obj
 0003:0005fa50       ___tls                     10120a50     gettimeofday.obj
 0003:0005fa54       _once_control              10120a54     gettimeofday.obj
 0003:0005fa58       _once_key                  10120a58     gettimeofday.obj
 0003:0005fa5c       _empty_string              10120a5c     acl_default_malloc.obj
 0003:0005fa60       ___debug_mem               10120a60     acl_malloc_glue.obj
 0003:0005fa64       ___malloc_length           10120a64     acl_malloc_glue.obj
 0003:0005fa68       ___malloc_call_counter     10120a68     acl_malloc_glue.obj
 0003:0005fa6c       ___calloc_call_counter     10120a6c     acl_malloc_glue.obj
 0003:0005fa70       ___realloc_call_counter    10120a70     acl_malloc_glue.obj
 0003:0005fa74       ___strdup_call_counter     10120a74     acl_malloc_glue.obj
 0003:0005fa78       ___strndup_call_counter    10120a78     acl_malloc_glue.obj
 0003:0005fa7c       ___memdup_call_counter     10120a7c     acl_malloc_glue.obj
 0003:0005fa80       ___free_call_counter       10120a80     acl_malloc_glue.obj
 0003:0005fa84       ___mem_counter             10120a84     acl_malloc_glue.obj
 0003:0005fa88       ___mem_stack               10120a88     acl_malloc_glue.obj
 0003:0005fa8c       ___alloc_stat              10120a8c     acl_malloc_glue.obj
 0003:0005fa90       ___alloc_over_1MB          10120a90     acl_malloc_glue.obj
 0003:0005fa94       ___fastmutex_stat          10120a94     acl_malloc_glue.obj
 0003:0005fa9c       _once_control              10120a9c     acl_mem_slice.obj
 0003:0005faa0       ___mem_slice_list          10120aa0     acl_mem_slice.obj
 0003:0005faa4       ___mem_slice_list_lock     10120aa4     acl_mem_slice.obj
 0003:0005faa8       ___main_mem_slice          10120aa8     acl_mem_slice.obj
 0003:0005faac       ___use_lock                10120aac     acl_mempool.obj
 0003:0005fab0       ___var_allocator           10120ab0     acl_mempool.obj
 0003:0005fab4       ___lock                    10120ab4     acl_mempool.obj
 0003:0005fac0       ?call_id@?1??gb_to_str@@9@9 10120ac0     squid_allocator_tools.obj
 0003:0005fac8       ?bufs@?1??gb_to_str@@9@9   10120ac8     squid_allocator_tools.obj
 0003:0005fb68       ___var_allocator           10120b68     vstring_pool.obj
 0003:0005fb6c       ___debug_mem               10120b6c     acl_debug_malloc.obj
 0003:0005fb70       ___host_allow_link         10120b70     acl_access.obj
 0003:0005fb74       ___host_allow_all          10120b74     acl_access.obj
 0003:0005fb78       $SG95090                   10120b78     acl_inet_listen.obj
 0003:0005fb7c       ___cache_table             10120b7c     acl_netdb_cache.obj
 0003:0005fb80       ___use_trylock             10120b80     acl_netdb_cache.obj
 0003:0005fb84       ___cache_mutex             10120b84     acl_netdb_cache.obj
 0003:0005fb8c       ___cache_ring              10120b8c     acl_netdb_cache.obj
 0003:0005fb9c       ?rev@?1??rfc1035BuildPTRQuery@@9@9 10120b9c     rfc1035.obj
 0003:0005fbc0       ___pthread_atexit_control_once 10120bc0     acl_pthread.obj
 0003:0005fbc4       ___tls_ctx_control_once    10120bc4     acl_pthread.obj
 0003:0005fbc8       ___main_tls_ctx            10120bc8     acl_pthread.obj
 0003:0005fbcc       ___thread_inited           10120bcc     acl_pthread.obj
 0003:0005fbd0       ___create_thread_control_once 10120bd0     acl_pthread.obj
 0003:0005fbd4       ?__thread_ended@?1??acl_pthread_end@@9@9 10120bd4     acl_pthread.obj
 0003:0005fbd8       ___tls_key_list            10120bd8     acl_pthread.obj
 0003:00061bd8       ___thread_lock             10122bd8     acl_pthread.obj
 0003:00061be0       _thread_mutex_once_control 10122be0     acl_pthread_mutex.obj
 0003:00061be4       ___header_key              10122be4     acl_pthread_mutex.obj
 0003:00061be8       ___global_mio              10122be8     acl_msgio.obj
 0003:00061bec       ___global_mutex            10122bec     acl_msgio.obj
 0003:00061bf4       _tag_tree                  10122bf4     acl_xml_util.obj
 0003:00061bf8       ?last_time@?1??__dbpool_peek@@9@9 10122bf8     acl_dbpool_null.obj
 0003:00061c00       ?__buf_unsafe@?1??dat_filepath@@9@9 10122c00     zdb_dat.obj
 0003:00061c04       ?__buf_unsafe@?1??dat_path@@9@9 10122c04     zdb_dat.obj
 0003:00061c08       ___tls                     10122c08     zdb_dat_iter.obj
 0003:00061c0c       _once_control              10122c0c     zdb_dat_iter.obj
 0003:00061c10       ___tls2                    10122c10     zdb_dat_iter.obj
 0003:00061c14       _once_control2             10122c14     zdb_dat_iter.obj
 0003:00061c18       _once_key                  10122c18     zdb_dat_iter.obj
 0003:00061c1c       _once_key2                 10122c1c     zdb_dat_iter.obj
 0003:00061c20       ___n                       10122c20     zdb_io.obj
 0003:00061c24       ___tls                     10122c24     zdb_key.obj
 0003:00061c28       _once_control              10122c28     zdb_key.obj
 0003:00061c2c       _once_key                  10122c2c     zdb_key.obj
 0003:00061c3c       ___if_nested_count         10122c3c     acl_test_inner.obj
 0003:00061c40       ___if_count                10122c40     acl_test_inner.obj
 0003:00061c44       ___endif_count             10122c44     acl_test_inner.obj
 0003:00061c48       ___loop_nested_count       10122c48     acl_test_loop.obj
 0003:00061c4c       ___loop_begin_count        10122c4c     acl_test_loop.obj
 0003:00061c50       ___loop_end_count          10122c50     acl_test_loop.obj
 0003:00061c58       ___all_callback_fn         10122c58     acl_test_runner.obj
 0003:00061c5c       ___app_cfg                 10122c5c     master_params.obj
 0003:00061c60       ___app_conf_file           10122c60     master_params.obj
 0003:00061c68       ___onexit_fn               10122c68     proctl_child.obj
 0003:00061c6c       ___onexit_arg              10122c6c     proctl_child.obj
 0003:00061c70       ___services                10122c70     proctl_service.obj
 0003:00061c74       ___handles                 10122c74     proctl_service.obj
 0003:00061c78       ___cur_handle              10122c78     proctl_service.obj
 0003:00061c7c       ___services_wait           10122c7c     proctl_service.obj
 0003:00061c80       ___mutex_running_service   10122c80     proctl_service.obj
 0003:00061c88       ___mutex_waiting_service   10122c88     proctl_service.obj
 0003:00061c90       ?__have_inited@?1??acl_init@@9@9 10122c90     acl_init.obj
 0003:00061c94       ?__have_ended@?1??acl_end@@9@9 10122c94     acl_init.obj
 0003:00061c98       ___once_control            10122c98     acl_init.obj
 0003:00061c9c       ?init@?1??_RTC_InitBase@@9@4_NA 10122c9c     MSVCRTD:init.obj
 0003:00061ca0       _GS_ExceptionRecord        10122ca0     MSVCRTD:gs_report.obj
 0003:00061cf0       _GS_ContextRecord          10122cf0     MSVCRTD:gs_report.obj
 0003:00061fbc       _DebuggerWasPresent        10122fbc     MSVCRTD:gs_report.obj
 0003:00061fc0       ___proc_attached           10122fc0     MSVCRTD:crtdll.obj
 0003:00061fc8       __RTC_ErrorReportFunc      10122fc8     MSVCRTD:userapi.obj
 0003:00061fcc       __RTC_ErrorReportFuncW     10122fcc     MSVCRTD:userapi.obj
 0003:00061fe0       _mspdb                     10122fe0     MSVCRTD:pdblkup.obj
 0003:00061fe4       ?alreadyTried@?1??GetPdbDll@@YAPAUHINSTANCE__@@XZ@4_NA 10122fe4     MSVCRTD:pdblkup.obj
 0003:00061fe5       ?PDBOK@?BM@??_RTC_GetSrcLine@@YAHPAEPA_WKPAH1K@Z@4_NA 10122fe5     MSVCRTD:pdblkup.obj
 0004:000000a0       $R000000                   101230a0     lib_acl.res
 0004:00000358       $R0002B8                   10123358     lib_acl.res
